Component: Arm Compiler for Embedded 6.22 Tool: armlink [5ee90200]

==============================================================================

Section Cross References

    startup_stm32f101xb.o(RESET) refers to startup_stm32f101xb.o(STACK) for __initial_sp
    startup_stm32f101xb.o(RESET) refers to startup_stm32f101xb.o(.text) for Reset_Handler
    startup_stm32f101xb.o(RESET) refers to stm32f1xx_it.o(.text.NMI_Handler) for NMI_Handler
    startup_stm32f101xb.o(RESET) refers to stm32f1xx_it.o(.text.HardFault_Handler) for HardFault_Handler
    startup_stm32f101xb.o(RESET) refers to stm32f1xx_it.o(.text.MemManage_Handler) for MemManage_Handler
    startup_stm32f101xb.o(RESET) refers to stm32f1xx_it.o(.text.BusFault_Handler) for BusFault_Handler
    startup_stm32f101xb.o(RESET) refers to stm32f1xx_it.o(.text.UsageFault_Handler) for UsageFault_Handler
    startup_stm32f101xb.o(RESET) refers to stm32f1xx_it.o(.text.SVC_Handler) for SVC_Handler
    startup_stm32f101xb.o(RESET) refers to stm32f1xx_it.o(.text.DebugMon_Handler) for DebugMon_Handler
    startup_stm32f101xb.o(RESET) refers to stm32f1xx_it.o(.text.PendSV_Handler) for PendSV_Handler
    startup_stm32f101xb.o(RESET) refers to stm32f1xx_it.o(.text.SysTick_Handler) for SysTick_Handler
    startup_stm32f101xb.o(RESET) refers to uart1.o(.text.USART1_IRQHandler) for USART1_IRQHandler
    startup_stm32f101xb.o(RESET) refers to esp8266.o(.text.USART2_IRQHandler) for USART2_IRQHandler
    startup_stm32f101xb.o(.text) refers to system_stm32f1xx.o(.text.SystemInit) for SystemInit
    startup_stm32f101xb.o(.text) refers to entry.o(.ARM.Collect$$$$00000000) for __main
    main.o(.text.main) refers to stm32f1xx_hal.o(.text.HAL_Init) for HAL_Init
    main.o(.text.main) refers to sys.o(.text.stm32_clock_init) for stm32_clock_init
    main.o(.text.main) refers to led.o(.text.led_init) for led_init
    main.o(.text.main) refers to led.o(.text.led1_on) for led1_on
    main.o(.text.main) refers to led.o(.text.led2_off) for led2_off
    main.o(.text.main) refers to uart1.o(.text.uart1_init) for uart1_init
    main.o(.text.main) refers to key.o(.text.key_init) for key_init
    main.o(.text.main) refers to esp8266.o(.text.esp8266_init) for esp8266_init
    main.o(.text.main) refers to weather.o(.text.get_weather) for get_weather
    main.o(.text.main) refers to puts.o(i.puts) for puts
    main.o(.text.main) refers to oled.o(.text.oled_fill) for oled_fill
    main.o(.text.main) refers to oled.o(.text.oled_display_init) for oled_display_init
    main.o(.text.main) refers to weather.o(.text.show_weather) for show_weather
    main.o(.text.main) refers to key.o(.text.key_scan) for key_scan
    main.o(.ARM.exidx.text.main) refers to main.o(.text.main) for [Anonymous Symbol]
    stm32f1xx_it.o(.ARM.exidx.text.NMI_Handler) refers to stm32f1xx_it.o(.text.NMI_Handler) for [Anonymous Symbol]
    stm32f1xx_it.o(.ARM.exidx.text.HardFault_Handler) refers to stm32f1xx_it.o(.text.HardFault_Handler) for [Anonymous Symbol]
    stm32f1xx_it.o(.ARM.exidx.text.MemManage_Handler) refers to stm32f1xx_it.o(.text.MemManage_Handler) for [Anonymous Symbol]
    stm32f1xx_it.o(.ARM.exidx.text.BusFault_Handler) refers to stm32f1xx_it.o(.text.BusFault_Handler) for [Anonymous Symbol]
    stm32f1xx_it.o(.ARM.exidx.text.UsageFault_Handler) refers to stm32f1xx_it.o(.text.UsageFault_Handler) for [Anonymous Symbol]
    stm32f1xx_it.o(.ARM.exidx.text.SVC_Handler) refers to stm32f1xx_it.o(.text.SVC_Handler) for [Anonymous Symbol]
    stm32f1xx_it.o(.ARM.exidx.text.DebugMon_Handler) refers to stm32f1xx_it.o(.text.DebugMon_Handler) for [Anonymous Symbol]
    stm32f1xx_it.o(.ARM.exidx.text.PendSV_Handler) refers to stm32f1xx_it.o(.text.PendSV_Handler) for [Anonymous Symbol]
    stm32f1xx_it.o(.text.SysTick_Handler) refers to stm32f1xx_hal.o(.text.HAL_IncTick) for HAL_IncTick
    stm32f1xx_it.o(.ARM.exidx.text.SysTick_Handler) refers to stm32f1xx_it.o(.text.SysTick_Handler) for [Anonymous Symbol]
    system_stm32f1xx.o(.ARM.exidx.text.SystemInit) refers to system_stm32f1xx.o(.text.SystemInit) for [Anonymous Symbol]
    system_stm32f1xx.o(.text.SystemCoreClockUpdate) refers to system_stm32f1xx.o(.data.SystemCoreClock) for SystemCoreClock
    system_stm32f1xx.o(.text.SystemCoreClockUpdate) refers to system_stm32f1xx.o(.rodata.AHBPrescTable) for AHBPrescTable
    system_stm32f1xx.o(.ARM.exidx.text.SystemCoreClockUpdate) refers to system_stm32f1xx.o(.text.SystemCoreClockUpdate) for [Anonymous Symbol]
    led.o(.text.led_init) refers to stm32f1xx_hal_gpio.o(.text.HAL_GPIO_Init) for HAL_GPIO_Init
    led.o(.text.led_init) refers to stm32f1xx_hal_gpio.o(.text.HAL_GPIO_WritePin) for HAL_GPIO_WritePin
    led.o(.ARM.exidx.text.led_init) refers to led.o(.text.led_init) for [Anonymous Symbol]
    led.o(.text.led1_off) refers to stm32f1xx_hal_gpio.o(.text.HAL_GPIO_WritePin) for HAL_GPIO_WritePin
    led.o(.ARM.exidx.text.led1_off) refers to led.o(.text.led1_off) for [Anonymous Symbol]
[...]
    Removing stm32f1xx_hal_usart.o(.text.HAL_USART_TransmitReceive), (454 bytes).
    Removing stm32f1xx_hal_usart.o(.ARM.exidx.text.HAL_USART_TransmitReceive), (8 bytes).
    Removing stm32f1xx_hal_usart.o(.text.HAL_USART_Transmit_IT), (72 bytes).
    Removing stm32f1xx_hal_usart.o(.ARM.exidx.text.HAL_USART_Transmit_IT), (8 bytes).
    Removing stm32f1xx_hal_usart.o(.text.HAL_USART_Receive_IT), (96 bytes).
    Removing stm32f1xx_hal_usart.o(.ARM.exidx.text.HAL_USART_Receive_IT), (8 bytes).
    Removing stm32f1xx_hal_usart.o(.text.HAL_USART_TransmitReceive_IT), (116 bytes).
    Removing stm32f1xx_hal_usart.o(.ARM.exidx.text.HAL_USART_TransmitReceive_IT), (8 bytes).
    Removing stm32f1xx_hal_usart.o(.text.HAL_USART_Transmit_DMA), (158 bytes).
    Removing stm32f1xx_hal_usart.o(.ARM.exidx.text.HAL_USART_Transmit_DMA), (8 bytes).
    Removing stm32f1xx_hal_usart.o(.text.USART_DMATransmitCplt), (58 bytes).
    Removing stm32f1xx_hal_usart.o(.ARM.exidx.text.USART_DMATransmitCplt), (8 bytes).
    Removing stm32f1xx_hal_usart.o(.text.USART_DMATxHalfCplt), (6 bytes).
    Removing stm32f1xx_hal_usart.o(.ARM.exidx.text.USART_DMATxHalfCplt), (8 bytes).
    Removing stm32f1xx_hal_usart.o(.text.USART_DMAError), (96 bytes).
    Removing stm32f1xx_hal_usart.o(.ARM.exidx.text.USART_DMAError), (8 bytes).
    Removing stm32f1xx_hal_usart.o(.text.HAL_USART_Receive_DMA), (212 bytes).
    Removing stm32f1xx_hal_usart.o(.ARM.exidx.text.HAL_USART_Receive_DMA), (8 bytes).
    Removing stm32f1xx_hal_usart.o(.text.USART_DMAReceiveCplt), (108 bytes).
    Removing stm32f1xx_hal_usart.o(.ARM.exidx.text.USART_DMAReceiveCplt), (8 bytes).
    Removing stm32f1xx_hal_usart.o(.text.USART_DMARxHalfCplt), (6 bytes).
    Removing stm32f1xx_hal_usart.o(.ARM.exidx.text.USART_DMARxHalfCplt), (8 bytes).
    Removing stm32f1xx_hal_usart.o(.text.HAL_USART_TransmitReceive_DMA), (240 bytes).
    Removing stm32f1xx_hal_usart.o(.ARM.exidx.text.HAL_USART_TransmitReceive_DMA), (8 bytes).
    Removing stm32f1xx_hal_usart.o(.text.HAL_USART_DMAPause), (32 bytes).
    Removing stm32f1xx_hal_usart.o(.ARM.exidx.text.HAL_USART_DMAPause), (8 bytes).
    Removing stm32f1xx_hal_usart.o(.text.HAL_USART_DMAResume), (32 bytes).
    Removing stm32f1xx_hal_usart.o(.ARM.exidx.text.HAL_USART_DMAResume), (8 bytes).
    Removing stm32f1xx_hal_usart.o(.text.HAL_USART_DMAStop), (120 bytes).
    Removing stm32f1xx_hal_usart.o(.ARM.exidx.text.HAL_USART_DMAStop), (8 bytes).
    Removing stm32f1xx_hal_usart.o(.text.HAL_USART_Abort), (94 bytes).
    Removing stm32f1xx_hal_usart.o(.ARM.exidx.text.HAL_USART_Abort), (8 bytes).
    Removing stm32f1xx_hal_usart.o(.text.HAL_USART_Abort_IT), (162 bytes).
    Removing stm32f1xx_hal_usart.o(.ARM.exidx.text.HAL_USART_Abort_IT), (8 bytes).
    Removing stm32f1xx_hal_usart.o(.text.USART_DMATxAbortCallback), (36 bytes).
    Removing stm32f1xx_hal_usart.o(.ARM.exidx.text.USART_DMATxAbortCallback), (8 bytes).
    Removing stm32f1xx_hal_usart.o(.text.USART_DMARxAbortCallback), (36 bytes).
    Removing stm32f1xx_hal_usart.o(.ARM.exidx.text.USART_DMARxAbortCallback), (8 bytes).
    Removing stm32f1xx_hal_usart.o(.text.HAL_USART_AbortCpltCallback), (2 bytes).
    Removing stm32f1xx_hal_usart.o(.ARM.exidx.text.HAL_USART_AbortCpltCallback), (8 bytes).
    Removing stm32f1xx_hal_usart.o(.text.HAL_USART_IRQHandler), (432 bytes).
    Removing stm32f1xx_hal_usart.o(.ARM.exidx.text.HAL_USART_IRQHandler), (8 bytes).
    Removing stm32f1xx_hal_usart.o(.text.USART_Receive_IT), (128 bytes).
    Removing stm32f1xx_hal_usart.o(.ARM.exidx.text.USART_Receive_IT), (8 bytes).
    Removing stm32f1xx_hal_usart.o(.text.USART_TransmitReceive_IT), (202 bytes).
    Removing stm32f1xx_hal_usart.o(.ARM.exidx.text.USART_TransmitReceive_IT), (8 bytes).
    Removing stm32f1xx_hal_usart.o(.text.USART_DMAAbortOnError), (12 bytes).
    Removing stm32f1xx_hal_usart.o(.ARM.exidx.text.USART_DMAAbortOnError), (8 bytes).
    Removing stm32f1xx_hal_usart.o(.text.HAL_USART_ErrorCallback), (2 bytes).
    Removing stm32f1xx_hal_usart.o(.ARM.exidx.text.HAL_USART_ErrorCallback), (8 bytes).
    Removing stm32f1xx_hal_usart.o(.text.HAL_USART_TxCpltCallback), (2 bytes).
    Removing stm32f1xx_hal_usart.o(.ARM.exidx.text.HAL_USART_TxCpltCallback), (8 bytes).
    Removing stm32f1xx_hal_usart.o(.text.HAL_USART_TxHalfCpltCallback), (2 bytes).
    Removing stm32f1xx_hal_usart.o(.ARM.exidx.text.HAL_USART_TxHalfCpltCallback), (8 bytes).
    Removing stm32f1xx_hal_usart.o(.text.HAL_USART_RxCpltCallback), (2 bytes).
    Removing stm32f1xx_hal_usart.o(.ARM.exidx.text.HAL_USART_RxCpltCallback), (8 bytes).
    Removing stm32f1xx_hal_usart.o(.text.HAL_USART_RxHalfCpltCallback), (2 bytes).
    Removing stm32f1xx_hal_usart.o(.ARM.exidx.text.HAL_USART_RxHalfCpltCallback), (8 bytes).
    Removing stm32f1xx_hal_usart.o(.text.HAL_USART_TxRxCpltCallback), (2 bytes).
    Removing stm32f1xx_hal_usart.o(.ARM.exidx.text.HAL_USART_TxRxCpltCallback), (8 bytes).
    Removing stm32f1xx_hal_usart.o(.text.HAL_USART_GetState), (6 bytes).
    Removing stm32f1xx_hal_usart.o(.ARM.exidx.text.HAL_USART_GetState), (8 bytes).
    Removing stm32f1xx_hal_usart.o(.text.HAL_USART_GetError), (4 bytes).
    Removing stm32f1xx_hal_usart.o(.ARM.exidx.text.HAL_USART_GetError), (8 bytes).
    Removing stm32f1xx_hal_rcc.o(.text), (0 bytes).
    Removing stm32f1xx_hal_rcc.o(.text.HAL_RCC_DeInit), (230 bytes).
    Removing stm32f1xx_hal_rcc.o(.ARM.exidx.text.HAL_RCC_DeInit), (8 bytes).
    Removing stm32f1xx_hal_rcc.o(.ARM.exidx.text.HAL_RCC_OscConfig), (8 bytes).
    Removing stm32f1xx_hal_rcc.o(.ARM.exidx.text.HAL_RCC_ClockConfig), (8 bytes).
    Removing stm32f1xx_hal_rcc.o(.text.HAL_RCC_GetSysClockFreq), (86 bytes).
    Removing stm32f1xx_hal_rcc.o(.ARM.exidx.text.HAL_RCC_GetSysClockFreq), (8 bytes).
    Removing stm32f1xx_hal_rcc.o(.text.HAL_RCC_MCOConfig), (82 bytes).
    Removing stm32f1xx_hal_rcc.o(.ARM.exidx.text.HAL_RCC_MCOConfig), (8 bytes).
    Removing stm32f1xx_hal_rcc.o(.text.HAL_RCC_EnableCSS), (12 bytes).
    Removing stm32f1xx_hal_rcc.o(.ARM.exidx.text.HAL_RCC_EnableCSS), (8 bytes).
    Removing stm32f1xx_hal_rcc.o(.text.HAL_RCC_DisableCSS), (12 bytes).
    Removing stm32f1xx_hal_rcc.o(.ARM.exidx.text.HAL_RCC_DisableCSS), (8 bytes).
    Removing stm32f1xx_hal_rcc.o(.text.HAL_RCC_GetHCLKFreq), (12 bytes).
    Removing stm32f1xx_hal_rcc.o(.ARM.exidx.text.HAL_RCC_GetHCLKFreq), (8 bytes).
    Removing stm32f1xx_hal_rcc.o(.ARM.exidx.text.HAL_RCC_GetPCLK1Freq), (8 bytes).
    Removing stm32f1xx_hal_rcc.o(.ARM.exidx.text.HAL_RCC_GetPCLK2Freq), (8 bytes).
    Removing stm32f1xx_hal_rcc.o(.text.HAL_RCC_GetOscConfig), (124 bytes).
    Removing stm32f1xx_hal_rcc.o(.ARM.exidx.text.HAL_RCC_GetOscConfig), (8 bytes).
    Removing stm32f1xx_hal_rcc.o(.text.HAL_RCC_GetClockConfig), (66 bytes).
    Removing stm32f1xx_hal_rcc.o(.ARM.exidx.text.HAL_RCC_GetClockConfig), (8 bytes).
    Removing stm32f1xx_hal_rcc.o(.text.HAL_RCC_NMI_IRQHandler), (28 bytes).
    Removing stm32f1xx_hal_rcc.o(.ARM.exidx.text.HAL_RCC_NMI_IRQHandler), (8 bytes).
    Removing stm32f1xx_hal_rcc.o(.text.HAL_RCC_CSSCallback), (2 bytes).
    Removing stm32f1xx_hal_rcc.o(.ARM.exidx.text.HAL_RCC_CSSCallback), (8 bytes).
    Removing stm32f1xx_hal_rcc_ex.o(.text), (0 bytes).
    Removing stm32f1xx_hal_rcc_ex.o(.text.HAL_RCCEx_PeriphCLKConfig), (254 bytes).
    Removing stm32f1xx_hal_rcc_ex.o(.ARM.exidx.text.HAL_RCCEx_PeriphCLKConfig), (8 bytes).
    Removing stm32f1xx_hal_rcc_ex.o(.text.HAL_RCCEx_GetPeriphCLKConfig), (38 bytes).
    Removing stm32f1xx_hal_rcc_ex.o(.ARM.exidx.text.HAL_RCCEx_GetPeriphCLKConfig), (8 bytes).
    Removing stm32f1xx_hal_rcc_ex.o(.text.HAL_RCCEx_GetPeriphCLKFreq), (252 bytes).
    Removing stm32f1xx_hal_rcc_ex.o(.ARM.exidx.text.HAL_RCCEx_GetPeriphCLKFreq), (8 bytes).
    Removing fcmple.o(.text), (28 bytes).
    Removing dcmpgt.o(.text), (54 bytes).
    Removing dcmpeq.o(.text), (56 bytes).
    Removing dflti.o(.text), (34 bytes).
    Removing ffixi.o(.text), (50 bytes).
    Removing f2d.o(.text), (38 bytes).

628 unused section(s) (total 29247 bytes) removed from the image.

==============================================================================

Image Symbol Table

    Local Symbols

    Symbol Name                              Value     Ov Type        Size  Object(Section)

    ../../Drivers/CMSIS/Device/ST/STM32F1xx/Source/Templates/arm/startup_stm32f101xb.s 0x00000000   Number         0  startup_stm32f101xb.o ABSOLUTE
    ../clib/division.s                       0x00000000   Number         0  aeabi_sdiv.o ABSOLUTE
    ../clib/microlib/ctype/ctype.c           0x00000000   Number         0  isspace_c.o ABSOLUTE
    ../clib/microlib/ctype/ctype.c           0x00000000   Number         0  ctype_c.o ABSOLUTE
    ../clib/microlib/ctype/tolower.c         0x00000000   Number         0  tolower.o ABSOLUTE
    ../clib/microlib/division.c              0x00000000   Number         0  uidiv.o ABSOLUTE
    ../clib/microlib/division.c              0x00000000   Number         0  uldiv.o ABSOLUTE
    ../clib/microlib/init/entry.s            0x00000000   Number         0  entry.o ABSOLUTE
    ../clib/microlib/init/entry.s            0x00000000   Number         0  entry2.o ABSOLUTE
    ../clib/microlib/init/entry.s            0x00000000   Number         0  entry5.o ABSOLUTE
    ../clib/microlib/init/entry.s            0x00000000   Number         0  entry7a.o ABSOLUTE
    ../clib/microlib/init/entry.s            0x00000000   Number         0  entry7b.o ABSOLUTE
    ../clib/microlib/init/entry.s            0x00000000   Number         0  entry8a.o ABSOLUTE
    ../clib/microlib/init/entry.s            0x00000000   Number         0  entry8b.o ABSOLUTE
    ../clib/microlib/init/entry.s            0x00000000   Number         0  entry9a.o ABSOLUTE
    ../clib/microlib/init/entry.s            0x00000000   Number         0  entry9b.o ABSOLUTE
    ../clib/microlib/init/entry.s            0x00000000   Number         0  entry10a.o ABSOLUTE
    ../clib/microlib/init/entry.s            0x00000000   Number         0  entry10b.o ABSOLUTE
    ../clib/microlib/init/entry.s            0x00000000   Number         0  entry11a.o ABSOLUTE
    ../clib/microlib/init/entry.s            0x00000000   Number         0  entry11b.o ABSOLUTE
    ../clib/microlib/longlong.c              0x00000000   Number         0  llshl.o ABSOLUTE
    ../clib/microlib/longlong.c              0x00000000   Number         0  llushr.o ABSOLUTE
    ../clib/microlib/longlong.c              0x00000000   Number         0  llsshr.o ABSOLUTE
    ../clib/microlib/malloc/malloc.c         0x00000000   Number         0  malloc.o ABSOLUTE
    ../clib/microlib/malloc/malloc.c         0x00000000   Number         0  mallocr.o ABSOLUTE
    ../clib/microlib/malloc/malloc.c         0x00000000   Number         0  malloca.o ABSOLUTE
    ../clib/microlib/malloc/malloc.c         0x00000000   Number         0  mallocra.o ABSOLUTE
    ../clib/microlib/malloc/mvars.c          0x00000000   Number         0  mvars.o ABSOLUTE
    ../clib/microlib/printf/printf.c         0x00000000   Number         0  printfb.o ABSOLUTE
    ../clib/microlib/printf/printf.c         0x00000000   Number         0  printf0.o ABSOLUTE
    ../clib/microlib/printf/printf.c         0x00000000   Number         0  printf1.o ABSOLUTE
    ../clib/microlib/printf/printf.c         0x00000000   Number         0  printf2.o ABSOLUTE
    ../clib/microlib/printf/printf.c         0x00000000   Number         0  printf3.o ABSOLUTE
    ../clib/microlib/printf/printf.c         0x00000000   Number         0  printf4.o ABSOLUTE
    ../clib/microlib/printf/printf.c         0x00000000   Number         0  printf5.o ABSOLUTE
    ../clib/microlib/printf/printf.c         0x00000000   Number         0  printf6.o ABSOLUTE
    ../clib/microlib/printf/printf.c         0x00000000   Number         0  printf7.o ABSOLUTE
    ../clib/microlib/printf/printf.c         0x00000000   Number         0  printf8.o ABSOLUTE
    ../clib/microlib/printf/printf.c         0x00000000   Number         0  printfa.o ABSOLUTE
    ../clib/microlib/printf/stubs.s          0x00000000   Number         0  printfstubs.o ABSOLUTE
    ../clib/microlib/stdio/putchar.c         0x00000000   Number         0  putchar.o ABSOLUTE
    ../clib/microlib/stdio/puts.c            0x00000000   Number         0  puts.o ABSOLUTE
    ../clib/microlib/stdio/puts.c            0x00000000   Number         0  puts_e.o ABSOLUTE
    ../clib/microlib/stdio/streams.c         0x00000000   Number         0  stdout.o ABSOLUTE
    ../clib/microlib/string/memcpy.c         0x00000000   Number         0  memcpya.o ABSOLUTE
    ../clib/microlib/string/memcpy.c         0x00000000   Number         0  memcpyb.o ABSOLUTE
    ../clib/microlib/string/memset.c         0x00000000   Number         0  memseta.o ABSOLUTE
    ../clib/microlib/string/strchr.c         0x00000000   Number         0  strchr.o ABSOLUTE
    ../clib/microlib/string/strcmp.c         0x00000000   Number         0  strcmp.o ABSOLUTE
    ../clib/microlib/string/strcpy.c         0x00000000   Number         0  strcpy.o ABSOLUTE
    ../clib/microlib/string/strlen.c         0x00000000   Number         0  strlen.o ABSOLUTE
    ../clib/microlib/string/strncmp.c        0x00000000   Number         0  strncmp.o ABSOLUTE
    ../clib/microlib/string/strstr.c         0x00000000   Number         0  strstr.o ABSOLUTE
    ../clib/microlib/stubs.s                 0x00000000   Number         0  iusefp.o ABSOLUTE
    ../clib/scanf.c                          0x00000000   Number         0  __0sscanf.o ABSOLUTE
    ../clib/scanf.c                          0x00000000   Number         0  scanf_fp.o ABSOLUTE
    ../clib/scanf.c                          0x00000000   Number         0  scanf_char.o ABSOLUTE
    ../clib/scanf.c                          0x00000000   Number         0  _sgetc.o ABSOLUTE
    ../clib/scanf.c                          0x00000000   Number         0  strtod.o ABSOLUTE
    ../clib/scanf.c                          0x00000000   Number         0  _scanf.o ABSOLUTE
    ../fplib/microlib/d2f.c                  0x00000000   Number         0  d2f.o ABSOLUTE
    ../fplib/microlib/f2d.c                  0x00000000   Number         0  f2d.o ABSOLUTE
    ../fplib/microlib/fpadd.c                0x00000000   Number         0  dadd.o ABSOLUTE
    ../fplib/microlib/fpcmp.c                0x00000000   Number         0  fcmple.o ABSOLUTE
    ../fplib/microlib/fpcmp.c                0x00000000   Number         0  dcmple.o ABSOLUTE
    ../fplib/microlib/fpcmp.c                0x00000000   Number         0  dcmpge.o ABSOLUTE
    ../fplib/microlib/fpcmp.c                0x00000000   Number         0  dcmpgt.o ABSOLUTE
    ../fplib/microlib/fpcmp.c                0x00000000   Number         0  dcmpeq.o ABSOLUTE
    ../fplib/microlib/fpdiv.c                0x00000000   Number         0  ddiv.o ABSOLUTE
    ../fplib/microlib/fpepilogue.c           0x00000000   Number         0  depilogue.o ABSOLUTE
    ../fplib/microlib/fpepilogue.c           0x00000000   Number         0  fepilogue.o ABSOLUTE
    ../fplib/microlib/fpfix.c                0x00000000   Number         0  ffixi.o ABSOLUTE
    ../fplib/microlib/fpfix.c                0x00000000   Number         0  dfixi.o ABSOLUTE
    ../fplib/microlib/fpfix.c                0x00000000   Number         0  dfixul.o ABSOLUTE
    ../fplib/microlib/fpflt.c                0x00000000   Number         0  dflti.o ABSOLUTE
    ../fplib/microlib/fpflt.c                0x00000000   Number         0  dfltul.o ABSOLUTE
    ../fplib/microlib/fpmul.c                0x00000000   Number         0  dmul.o ABSOLUTE
    ../mathlib/strtod.c                      0x00000000   Number         0  strtod.o ABSOLUTE
    cJSON.c                                  0x00000000   Number         0  cjson.o ABSOLUTE
    cdrcmple.s                               0x00000000   Number         0  cdrcmple.o ABSOLUTE
    dc.s                                     0x00000000   Number         0  dc.o ABSOLUTE
    delay.c                                  0x00000000   Number         0  delay.o ABSOLUTE
    esp8266.c                                0x00000000   Number         0  esp8266.o ABSOLUTE
    handlers.s                               0x00000000   Number         0  handlers.o ABSOLUTE
    init.s                                   0x00000000   Number         0  init.o ABSOLUTE
    key.c                                    0x00000000   Number         0  key.o ABSOLUTE
    led.c                                    0x00000000   Number         0  led.o ABSOLUTE
    main.c                                   0x00000000   Number         0  main.o ABSOLUTE
    oled.c                                   0x00000000   Number         0  oled.o ABSOLUTE
    stm32f1xx_hal.c                          0x00000000   Number         0  stm32f1xx_hal.o ABSOLUTE
    stm32f1xx_hal_cortex.c                   0x00000000   Number         0  stm32f1xx_hal_cortex.o ABSOLUTE
    stm32f1xx_hal_dma.c                      0x00000000   Number         0  stm32f1xx_hal_dma.o ABSOLUTE
    stm32f1xx_hal_gpio.c                     0x00000000   Number         0  stm32f1xx_hal_gpio.o ABSOLUTE
    stm32f1xx_hal_gpio_ex.c                  0x00000000   Number         0  stm32f1xx_hal_gpio_ex.o ABSOLUTE
    stm32f1xx_hal_rcc.c                      0x00000000   Number         0  stm32f1xx_hal_rcc.o ABSOLUTE
    stm32f1xx_hal_rcc_ex.c                   0x00000000   Number         0  stm32f1xx_hal_rcc_ex.o ABSOLUTE
    stm32f1xx_hal_uart.c                     0x00000000   Number         0  stm32f1xx_hal_uart.o ABSOLUTE
    stm32f1xx_hal_usart.c                    0x00000000   Number         0  stm32f1xx_hal_usart.o ABSOLUTE
    stm32f1xx_it.c                           0x00000000   Number         0  stm32f1xx_it.o ABSOLUTE
    sys.c                                    0x00000000   Number         0  sys.o ABSOLUTE
    system_stm32f1xx.c                       0x00000000   Number         0  system_stm32f1xx.o ABSOLUTE
    uart1.c                                  0x00000000   Number         0  uart1.o ABSOLUTE
    weather.c                                0x00000000   Number         0  weather.o ABSOLUTE
    RESET                                    0x08000000   Section      232  startup_stm32f101xb.o(RESET)
    .ARM.Collect$$$$00000000                 0x080000e8   Section        0  entry.o(.ARM.Collect$$$$00000000)
    .ARM.Collect$$$$00000001                 0x080000e8   Section        4  entry2.o(.ARM.Collect$$$$00000001)
    .ARM.Collect$$$$00000004                 0x080000ec   Section        4  entry5.o(.ARM.Collect$$$$00000004)
    .ARM.Collect$$$$00000008                 0x080000f0   Section        0  entry7b.o(.ARM.Collect$$$$00000008)
    .ARM.Collect$$$$0000000A                 0x080000f0   Section        0  entry8b.o(.ARM.Collect$$$$0000000A)
    .ARM.Collect$$$$0000000B                 0x080000f0   Section        8  entry9a.o(.ARM.Collect$$$$0000000B)
    __lit__00000000                          0x080000f8   Data           4  entry2.o(.ARM.Collect$$$$00002712)
    .ARM.Collect$$$$0000000D                 0x080000f8   Section        0  entry10a.o(.ARM.Collect$$$$0000000D)
    .ARM.Collect$$$$0000000F                 0x080000f8   Section        0  entry11a.o(.ARM.Collect$$$$0000000F)
    .ARM.Collect$$$$00002712                 0x080000f8   Section        4  entry2.o(.ARM.Collect$$$$00002712)
    .text                                    0x080000fc   Section       36  startup_stm32f101xb.o(.text)
    .text                                    0x08000120   Section        0  tolower.o(.text)
    .text                                    0x0800012c   Section        0  memcpya.o(.text)
    .text                                    0x08000150   Section        0  memseta.o(.text)
    .text                                    0x08000174   Section        0  strstr.o(.text)
    .text                                    0x08000198   Section        0  strchr.o(.text)
    .text                                    0x080001ac   Section        0  strlen.o(.text)
    .text                                    0x080001ba   Section        0  strcmp.o(.text)
    .text                                    0x080001d6   Section        0  strcpy.o(.text)
    .text                                    0x080001e8   Section        0  strncmp.o(.text)
    _fp_value                                0x08000209   Thumb Code   296  scanf_fp.o(.text)
    .text                                    0x08000208   Section        0  scanf_fp.o(.text)
    .text                                    0x08000568   Section        0  dadd.o(.text)
    .text                                    0x080006b6   Section        0  dmul.o(.text)
    .text                                    0x0800079a   Section        0  dcmple.o(.text)
    .text                                    0x080007d0   Section        0  dcmpge.o(.text)
    .text                                    0x08000806   Section        0  dfixi.o(.text)
    .text                                    0x08000844   Section        0  uidiv.o(.text)
    .text                                    0x08000870   Section        0  uldiv.o(.text)
    .text                                    0x080008d2   Section        0  llshl.o(.text)
    .text                                    0x080008f0   Section        0  llushr.o(.text)
    .text                                    0x08000910   Section        0  llsshr.o(.text)
    .text                                    0x08000934   Section        0  _sgetc.o(.text)
    _local_sscanf                            0x08000975   Thumb Code    62  strtod.o(.text)
    .text                                    0x08000974   Section        0  strtod.o(.text)
    .text                                    0x08000a1c   Section        0  iusefp.o(.text)
    .text                                    0x08000a1c   Section        0  depilogue.o(.text)
    .text                                    0x08000ad6   Section        0  ddiv.o(.text)
    .text                                    0x08000bb4   Section        0  dfltul.o(.text)
    .text                                    0x08000bcc   Section        0  dfixul.o(.text)
    .text                                    0x08000bfc   Section       48  cdrcmple.o(.text)
    .text                                    0x08000c2c   Section        0  d2f.o(.text)
    .text                                    0x08000c64   Section       48  init.o(.text)
    .text                                    0x08000c94   Section        0  isspace_c.o(.text)
    .text                                    0x08000c9e   Section        0  fepilogue.o(.text)
    .text                                    0x08000d0c   Section        0  ctype_c.o(.text)
    [Anonymous Symbol]                       0x08000d34   Section        0  stm32f1xx_it.o(.text.BusFault_Handler)
    [Anonymous Symbol]                       0x08000d38   Section        0  stm32f1xx_it.o(.text.DebugMon_Handler)
    [Anonymous Symbol]                       0x08000d3c   Section        0  stm32f1xx_hal_gpio.o(.text.HAL_GPIO_Init)
    [Anonymous Symbol]                       0x08000f40   Section        0  stm32f1xx_hal_gpio.o(.text.HAL_GPIO_ReadPin)
    [Anonymous Symbol]                       0x08000f4c   Section        0  stm32f1xx_hal_gpio.o(.text.HAL_GPIO_WritePin)
    [Anonymous Symbol]                       0x08000f58   Section        0  stm32f1xx_hal.o(.text.HAL_GetTick)
    [Anonymous Symbol]                       0x08000f64   Section        0  stm32f1xx_hal.o(.text.HAL_IncTick)
    [Anonymous Symbol]                       0x08000f80   Section        0  stm32f1xx_hal.o(.text.HAL_Init)
    [Anonymous Symbol]                       0x08000fa8   Section        0  stm32f1xx_hal.o(.text.HAL_InitTick)
    [Anonymous Symbol]                       0x08000ff8   Section        0  stm32f1xx_hal.o(.text.HAL_MspInit)
    [Anonymous Symbol]                       0x08000ffc   Section        0  stm32f1xx_hal_cortex.o(.text.HAL_NVIC_EnableIRQ)
    [Anonymous Symbol]                       0x08001020   Section        0  stm32f1xx_hal_cortex.o(.text.HAL_NVIC_SetPriority)
    [Anonymous Symbol]                       0x08001078   Section        0  stm32f1xx_hal_cortex.o(.text.HAL_NVIC_SetPriorityGrouping)
    [Anonymous Symbol]                       0x08001098   Section        0  stm32f1xx_hal_rcc.o(.text.HAL_RCC_ClockConfig)
    [Anonymous Symbol]                       0x0800124c   Section        0  stm32f1xx_hal_rcc.o(.text.HAL_RCC_GetPCLK1Freq)
    [Anonymous Symbol]                       0x08001274   Section        0  stm32f1xx_hal_rcc.o(.text.HAL_RCC_GetPCLK2Freq)
    [Anonymous Symbol]                       0x0800129c   Section        0  stm32f1xx_hal_rcc.o(.text.HAL_RCC_OscConfig)
    [Anonymous Symbol]                       0x080015d4   Section        0  stm32f1xx_hal_cortex.o(.text.HAL_SYSTICK_Config)
    [Anonymous Symbol]                       0x08001600   Section        0  stm32f1xx_hal_uart.o(.text.HAL_UART_Init)
    [Anonymous Symbol]                       0x080016e0   Section        0  uart1.o(.text.HAL_UART_MspInit)
    [Anonymous Symbol]                       0x08001800   Section        0  stm32f1xx_hal_uart.o(.text.HAL_UART_Receive)
    [Anonymous Symbol]                       0x08001928   Section        0  stm32f1xx_hal_uart.o(.text.HAL_UART_Transmit)
    [Anonymous Symbol]                       0x08001a90   Section        0  stm32f1xx_it.o(.text.HardFault_Handler)
    [Anonymous Symbol]                       0x08001a94   Section        0  stm32f1xx_it.o(.text.MemManage_Handler)
    [Anonymous Symbol]                       0x08001a98   Section        0  stm32f1xx_it.o(.text.NMI_Handler)
    [Anonymous Symbol]                       0x08001a9c   Section        0  stm32f1xx_it.o(.text.PendSV_Handler)
    [Anonymous Symbol]                       0x08001aa0   Section        0  stm32f1xx_it.o(.text.SVC_Handler)
    [Anonymous Symbol]                       0x08001aa4   Section        0  stm32f1xx_it.o(.text.SysTick_Handler)
    [Anonymous Symbol]                       0x08001aa8   Section        0  system_stm32f1xx.o(.text.SystemInit)
    [Anonymous Symbol]                       0x08001aac   Section        0  uart1.o(.text.USART1_IRQHandler)
    [Anonymous Symbol]                       0x08001b44   Section        0  esp8266.o(.text.USART2_IRQHandler)
    [Anonymous Symbol]                       0x08001ba0   Section        0  stm32f1xx_it.o(.text.UsageFault_Handler)
    buffer_skip_whitespace                   0x08001ba5   Thumb Code    50  cjson.o(.text.buffer_skip_whitespace)
    [Anonymous Symbol]                       0x08001ba4   Section        0  cjson.o(.text.buffer_skip_whitespace)
    [Anonymous Symbol]                       0x08001bd8   Section        0  cjson.o(.text.cJSON_Delete)
    [Anonymous Symbol]                       0x08001c38   Section        0  cjson.o(.text.cJSON_GetArrayItem)
    [Anonymous Symbol]                       0x08001c64   Section        0  cjson.o(.text.cJSON_GetObjectItem)
    [Anonymous Symbol]                       0x08001c6c   Section        0  cjson.o(.text.cJSON_IsArray)
    [Anonymous Symbol]                       0x08001c80   Section        0  cjson.o(.text.cJSON_Parse)
    [Anonymous Symbol]                       0x08001ca0   Section        0  cjson.o(.text.cJSON_ParseWithLengthOpts)
    [Anonymous Symbol]                       0x08001dfc   Section        0  delay.o(.text.delay_ms)
    [Anonymous Symbol]                       0x08001e44   Section        0  esp8266.o(.text.esp8266_connect_tcp_server)
    [Anonymous Symbol]                       0x08001f00   Section        0  esp8266.o(.text.esp8266_connectionMode)
    [Anonymous Symbol]                       0x08001fa8   Section        0  esp8266.o(.text.esp8266_copy_rxdata)
    [Anonymous Symbol]                       0x08001fc4   Section        0  esp8266.o(.text.esp8266_enter_unvarnished)
    [Anonymous Symbol]                       0x080020cc   Section        0  esp8266.o(.text.esp8266_get_weather)
    [Anonymous Symbol]                       0x08002190   Section        0  esp8266.o(.text.esp8266_init)
    [Anonymous Symbol]                       0x080024a8   Section        0  esp8266.o(.text.esp8266_joinAp)
    [Anonymous Symbol]                       0x0800255c   Section        0  uart1.o(.text.fputc)
    get_object_item                          0x08002571   Thumb Code   210  cjson.o(.text.get_object_item)
    [Anonymous Symbol]                       0x08002570   Section        0  cjson.o(.text.get_object_item)
    [Anonymous Symbol]                       0x08002644   Section        0  weather.o(.text.get_weather)
    [Anonymous Symbol]                       0x08002910   Section        0  key.o(.text.key_init)
    [Anonymous Symbol]                       0x08002950   Section        0  key.o(.text.key_scan)
    [Anonymous Symbol]                       0x080029b4   Section        0  led.o(.text.led1_on)
    [Anonymous Symbol]                       0x080029c8   Section        0  led.o(.text.led2_off)
    [Anonymous Symbol]                       0x080029dc   Section        0  led.o(.text.led_init)
    [Anonymous Symbol]                       0x08002a38   Section        0  main.o(.text.main)
    [Anonymous Symbol]                       0x08002af4   Section        0  oled.o(.text.oled_display_char)
    [Anonymous Symbol]                       0x08002bb4   Section        0  oled.o(.text.oled_display_init)
    [Anonymous Symbol]                       0x08002db4   Section        0  oled.o(.text.oled_display_string)
    [Anonymous Symbol]                       0x08002dec   Section        0  oled.o(.text.oled_fill)
    [Anonymous Symbol]                       0x08002e3c   Section        0  oled.o(.text.oled_init)
    [Anonymous Symbol]                       0x08002fbc   Section        0  oled.o(.text.oled_write_cmd)
    [Anonymous Symbol]                       0x08003108   Section        0  oled.o(.text.oled_write_data)
    parse_hex4                               0x08003259   Thumb Code    78  cjson.o(.text.parse_hex4)
    [Anonymous Symbol]                       0x08003258   Section        0  cjson.o(.text.parse_hex4)
    parse_object                             0x080032a9   Thumb Code   430  cjson.o(.text.parse_object)
    [Anonymous Symbol]                       0x080032a8   Section        0  cjson.o(.text.parse_object)
    parse_string                             0x08003459   Thumb Code   780  cjson.o(.text.parse_string)
    [Anonymous Symbol]                       0x08003458   Section        0  cjson.o(.text.parse_string)
    parse_value                              0x08003765   Thumb Code   692  cjson.o(.text.parse_value)
    [Anonymous Symbol]                       0x08003764   Section        0  cjson.o(.text.parse_value)
    [Anonymous Symbol]                       0x08003a18   Section        0  weather.o(.text.show_weather)
    [Anonymous Symbol]                       0x08003a68   Section        0  sys.o(.text.stm32_clock_init)
    [Anonymous Symbol]                       0x08003ac4   Section        0  uart1.o(.text.uart1_init)
    [Anonymous Symbol]                       0x08003af0   Section        0  weather.o(.text.weatherCodeToText)
    i.__0printf                              0x08003bd0   Section        0  printfa.o(i.__0printf)
    i.__0snprintf                            0x08003bf0   Section        0  printfa.o(i.__0snprintf)
    i.__0sprintf                             0x08003c24   Section        0  printfa.o(i.__0sprintf)
    i.__free$realloc                         0x08003c4c   Section        0  mallocr.o(i.__free$realloc)
    i.__malloc$realloc                       0x08003ca8   Section        0  mallocr.o(i.__malloc$realloc)
    i.__scatterload_copy                     0x08003cf8   Section       14  handlers.o(i.__scatterload_copy)
    i.__scatterload_null                     0x08003d06   Section        2  handlers.o(i.__scatterload_null)
    i.__scatterload_zeroinit                 0x08003d08   Section       14  handlers.o(i.__scatterload_zeroinit)
    _fp_digits                               0x08003d19   Thumb Code   366  printfa.o(i._fp_digits)
    i._fp_digits                             0x08003d18   Section        0  printfa.o(i._fp_digits)
    i._is_digit                              0x08003e9c   Section        0  scanf_fp.o(i._is_digit)
    _printf_core                             0x08003ead   Thumb Code  1744  printfa.o(i._printf_core)
    i._printf_core                           0x08003eac   Section        0  printfa.o(i._printf_core)
    _printf_post_padding                     0x08004589   Thumb Code    36  printfa.o(i._printf_post_padding)
    i._printf_post_padding                   0x08004588   Section        0  printfa.o(i._printf_post_padding)
    _printf_pre_padding                      0x080045ad   Thumb Code    46  printfa.o(i._printf_pre_padding)
    i._printf_pre_padding                    0x080045ac   Section        0  printfa.o(i._printf_pre_padding)
    _snputc                                  0x080045db   Thumb Code    22  printfa.o(i._snputc)
    i._snputc                                0x080045da   Section        0  printfa.o(i._snputc)
    _sputc                                   0x080045f1   Thumb Code    10  printfa.o(i._sputc)
    i._sputc                                 0x080045f0   Section        0  printfa.o(i._sputc)
    internal_alloc                           0x080045fd   Thumb Code    76  mallocr.o(i.internal_alloc)
    i.internal_alloc                         0x080045fc   Section        0  mallocr.o(i.internal_alloc)
    i.putchar                                0x0800464c   Section        0  putchar.o(i.putchar)
    i.puts                                   0x08004658   Section        0  puts.o(i.puts)
    i.realloc                                0x0800467c   Section        0  mallocr.o(i.realloc)
    i.strtod                                 0x080046e8   Section        0  strtod.o(i.strtod)
    .constdata                               0x08004706   Section       64  ctype_c.o(.constdata)
    HAL_RCC_GetSysClockFreq.aPredivFactorTable 0x0800475e   Data           2  stm32f1xx_hal_rcc.o(.rodata.HAL_RCC_GetSysClockFreq.aPredivFactorTable)
    [Anonymous Symbol]                       0x0800475e   Section        0  stm32f1xx_hal_rcc.o(.rodata.HAL_RCC_GetSysClockFreq.aPredivFactorTable)
    HAL_RCC_GetSysClockFreq.aPLLMULFactorTable 0x08005f40   Data          16  stm32f1xx_hal_rcc.o(.rodata.cst16)
    [Anonymous Symbol]                       0x08005f40   Section        0  stm32f1xx_hal_rcc.o(.rodata.cst16)
    [Anonymous Symbol]                       0x08005f50   Section        0  cjson.o(.rodata.str1.1)
    .L.str.3                                 0x08005f53   Data           6  cjson.o(.rodata.str1.1)
    .L.str.4                                 0x08005f59   Data           5  cjson.o(.rodata.str1.1)
    .L.str.2                                 0x08005f5e   Data           5  cjson.o(.rodata.str1.1)
    .L.str                                   0x08005f63   Data          19  esp8266.o(.rodata.str1.1)
    .L.str.3                                 0x08005f63   Data          14  esp8266.o(.rodata.str1.1)
    [Anonymous Symbol]                       0x08005f63   Section        0  esp8266.o(.rodata.str1.1)
    .L.str.1                                 0x08005f71   Data           5  esp8266.o(.rodata.str1.1)
    .L.str.24                                0x08005f76   Data          61  esp8266.o(.rodata.str1.1)
    .Lstr.37                                 0x08005fc6   Data          22  esp8266.o(.rodata.str1.1)
    .Lstr.34                                 0x08005fdc   Data          20  esp8266.o(.rodata.str1.1)
    .Lstr.36                                 0x08005ff0   Data          24  esp8266.o(.rodata.str1.1)
    .Lstr.35                                 0x08006008   Data          41  esp8266.o(.rodata.str1.1)
    .Lstr.32                                 0x0800602f   Data           2  esp8266.o(.rodata.str1.1)
    .L.str.23                                0x08006031   Data           3  esp8266.o(.rodata.str1.1)
    .L.str.20                                0x08006034   Data          15  esp8266.o(.rodata.str1.1)
    .L.str.19                                0x08006043   Data           4  esp8266.o(.rodata.str1.1)
    .L.str.2                                 0x08006047   Data           3  esp8266.o(.rodata.str1.1)
    .L.str.22                                0x0800604a   Data          19  esp8266.o(.rodata.str1.1)
    .L.str.13                                0x0800605d   Data           4  weather.o(.rodata.str1.1)
    [Anonymous Symbol]                       0x0800605d   Section        0  weather.o(.rodata.str1.1)
    .Lstr                                    0x08006061   Data          20  weather.o(.rodata.str1.1)
    .Lstr.37                                 0x08006075   Data          30  weather.o(.rodata.str1.1)
    .Lstr.36                                 0x08006093   Data          28  weather.o(.rodata.str1.1)
    .Lstr.34                                 0x080060af   Data          42  weather.o(.rodata.str1.1)
    .Lstr.35                                 0x080060d9   Data          42  weather.o(.rodata.str1.1)
    .L.str.11                                0x08006103   Data           5  weather.o(.rodata.str1.1)
    .L.str.21                                0x08006108   Data           7  weather.o(.rodata.str1.1)
    .L.str.28                                0x0800610f   Data           6  weather.o(.rodata.str1.1)
    .L.str.24                                0x08006115   Data           8  weather.o(.rodata.str1.1)
    .L.str.25                                0x0800611d   Data           6  weather.o(.rodata.str1.1)
    .L.str.20                                0x08006123   Data           6  weather.o(.rodata.str1.1)
    .L.str.26                                0x08006129   Data           6  weather.o(.rodata.str1.1)
    .L.str.28                                0x08006130   Data         169  esp8266.o(.rodata.str1.4)
    [Anonymous Symbol]                       0x08006130   Section        0  esp8266.o(.rodata.str1.4)
    .data                                    0x20000000   Section        4  stdout.o(.data)
    .data                                    0x20000004   Section        4  mvars.o(.data)
    .data                                    0x20000008   Section        4  mvars.o(.data)
    global_hooks                             0x20000010   Data          12  cjson.o(.data.global_hooks)
    [Anonymous Symbol]                       0x20000010   Section        0  cjson.o(.data.global_hooks)
    global_error.0                           0x20000474   Data           4  cjson.o(.bss.global_error.0)
    [Anonymous Symbol]                       0x20000474   Section        0  cjson.o(.bss.global_error.0)
    global_error.1                           0x20000478   Data           4  cjson.o(.bss.global_error.1)
    [Anonymous Symbol]                       0x20000478   Section        0  cjson.o(.bss.global_error.1)
    HEAP                                     0x20000a00   Section     3072  startup_stm32f101xb.o(HEAP)
    STACK                                    0x20001600   Section     1024  startup_stm32f101xb.o(STACK)

    Global Symbols

    Symbol Name                              Value     Ov Type        Size  Object(Section)

    BuildAttributes$$THM_ISAv4$P$D$K$B$S$PE$A:L22UL41UL21$X:L11$S22US41US21$IEEE1$IW$~IW$USESV6$~STKCKD$USESV7$~SHL$OTIME$ROPI$IEEEJ$EBA8$MICROLIB$REQ8$PRES8$EABIv2 0x00000000   Number         0  anon$$obj.o ABSOLUTE
    _printf_a                                0x00000000   Number         0  printfstubs.o ABSOLUTE
    _printf_c                                0x00000000   Number         0  printfstubs.o ABSOLUTE
    _printf_charcount                        0x00000000   Number         0  printfstubs.o ABSOLUTE
    _printf_d                                0x00000000   Number         0  printfstubs.o ABSOLUTE
    _printf_e                                0x00000000   Number         0  printfstubs.o ABSOLUTE
    _printf_f                                0x00000000   Number         0  printfstubs.o ABSOLUTE
    _printf_flags                            0x00000000   Number         0  printfstubs.o ABSOLUTE
    _printf_fp_dec                           0x00000000   Number         0  printfstubs.o ABSOLUTE
    _printf_fp_hex                           0x00000000   Number         0  printfstubs.o ABSOLUTE
    _printf_g                                0x00000000   Number         0  printfstubs.o ABSOLUTE
    _printf_i                                0x00000000   Number         0  printfstubs.o ABSOLUTE
    _printf_int_dec                          0x00000000   Number         0  printfstubs.o ABSOLUTE
    _printf_l                                0x00000000   Number         0  printfstubs.o ABSOLUTE
    _printf_lc                               0x00000000   Number         0  printfstubs.o ABSOLUTE
    _printf_ll                               0x00000000   Number         0  printfstubs.o ABSOLUTE
    _printf_lld                              0x00000000   Number         0  printfstubs.o ABSOLUTE
    _printf_lli                              0x00000000   Number         0  printfstubs.o ABSOLUTE
    _printf_llo                              0x00000000   Number         0  printfstubs.o ABSOLUTE
    _printf_llu                              0x00000000   Number         0  printfstubs.o ABSOLUTE
    _printf_llx                              0x00000000   Number         0  printfstubs.o ABSOLUTE
    _printf_longlong_dec                     0x00000000   Number         0  printfstubs.o ABSOLUTE
    _printf_longlong_hex                     0x00000000   Number         0  printfstubs.o ABSOLUTE
    _printf_longlong_oct                     0x00000000   Number         0  printfstubs.o ABSOLUTE
    _printf_ls                               0x00000000   Number         0  printfstubs.o ABSOLUTE
    _printf_mbtowc                           0x00000000   Number         0  printfstubs.o ABSOLUTE
    _printf_n                                0x00000000   Number         0  printfstubs.o ABSOLUTE
    _printf_o                                0x00000000   Number         0  printfstubs.o ABSOLUTE
    _printf_p                                0x00000000   Number         0  printfstubs.o ABSOLUTE
    _printf_percent                          0x00000000   Number         0  printfstubs.o ABSOLUTE
    _printf_pre_padding                      0x00000000   Number         0  printfstubs.o ABSOLUTE
    _printf_return_value                     0x00000000   Number         0  printfstubs.o ABSOLUTE
    _printf_s                                0x00000000   Number         0  printfstubs.o ABSOLUTE
    _printf_sizespec                         0x00000000   Number         0  printfstubs.o ABSOLUTE
    _printf_str                              0x00000000   Number         0  printfstubs.o ABSOLUTE
    _printf_truncate_signed                  0x00000000   Number         0  printfstubs.o ABSOLUTE
    _printf_truncate_unsigned                0x00000000   Number         0  printfstubs.o ABSOLUTE
    _printf_u                                0x00000000   Number         0  printfstubs.o ABSOLUTE
    _printf_wc                               0x00000000   Number         0  printfstubs.o ABSOLUTE
    _printf_wctomb                           0x00000000   Number         0  printfstubs.o ABSOLUTE
    _printf_widthprec                        0x00000000   Number         0  printfstubs.o ABSOLUTE
    _printf_x                                0x00000000   Number         0  printfstubs.o ABSOLUTE
    __cpp_initialize__aeabi_                  - Undefined Weak Reference
    __cxa_finalize                            - Undefined Weak Reference
    __decompress                              - Undefined Weak Reference
    _clock_init                               - Undefined Weak Reference
    _microlib_exit                            - Undefined Weak Reference
    _scanf_int                                - Undefined Weak Reference
    _scanf_longlong                           - Undefined Weak Reference
    _scanf_string                             - Undefined Weak Reference
    __Vectors_Size                           0x000000e8   Number         0  startup_stm32f101xb.o ABSOLUTE
    __Vectors                                0x08000000   Data           4  startup_stm32f101xb.o(RESET)
    __Vectors_End                            0x080000e8   Data           0  startup_stm32f101xb.o(RESET)
    __main                                   0x080000e9   Thumb Code     0  entry.o(.ARM.Collect$$$$00000000)
    _main_stk                                0x080000e9   Thumb Code     0  entry2.o(.ARM.Collect$$$$00000001)
    _main_scatterload                        0x080000ed   Thumb Code     0  entry5.o(.ARM.Collect$$$$00000004)
    __main_after_scatterload                 0x080000f1   Thumb Code     0  entry5.o(.ARM.Collect$$$$00000004)
    _main_clock                              0x080000f1   Thumb Code     0  entry7b.o(.ARM.Collect$$$$00000008)
    _main_cpp_init                           0x080000f1   Thumb Code     0  entry8b.o(.ARM.Collect$$$$0000000A)
    _main_init                               0x080000f1   Thumb Code     0  entry9a.o(.ARM.Collect$$$$0000000B)
    __rt_final_cpp                           0x080000f9   Thumb Code     0  entry10a.o(.ARM.Collect$$$$0000000D)
    __rt_final_exit                          0x080000f9   Thumb Code     0  entry11a.o(.ARM.Collect$$$$0000000F)
    Reset_Handler                            0x080000fd   Thumb Code     8  startup_stm32f101xb.o(.text)
    ADC1_IRQHandler                          0x08000117   Thumb Code     0  startup_stm32f101xb.o(.text)
    DMA1_Channel1_IRQHandler                 0x08000117   Thumb Code     0  startup_stm32f101xb.o(.text)
    DMA1_Channel2_IRQHandler                 0x08000117   Thumb Code     0  startup_stm32f101xb.o(.text)
    DMA1_Channel3_IRQHandler                 0x08000117   Thumb Code     0  startup_stm32f101xb.o(.text)
    DMA1_Channel4_IRQHandler                 0x08000117   Thumb Code     0  startup_stm32f101xb.o(.text)
    DMA1_Channel5_IRQHandler                 0x08000117   Thumb Code     0  startup_stm32f101xb.o(.text)
    DMA1_Channel6_IRQHandler                 0x08000117   Thumb Code     0  startup_stm32f101xb.o(.text)
    DMA1_Channel7_IRQHandler                 0x08000117   Thumb Code     0  startup_stm32f101xb.o(.text)
    EXTI0_IRQHandler                         0x08000117   Thumb Code     0  startup_stm32f101xb.o(.text)
    EXTI15_10_IRQHandler                     0x08000117   Thumb Code     0  startup_stm32f101xb.o(.text)
    EXTI1_IRQHandler                         0x08000117   Thumb Code     0  startup_stm32f101xb.o(.text)
    EXTI2_IRQHandler                         0x08000117   Thumb Code     0  startup_stm32f101xb.o(.text)
    EXTI3_IRQHandler                         0x08000117   Thumb Code     0  startup_stm32f101xb.o(.text)
    EXTI4_IRQHandler                         0x08000117   Thumb Code     0  startup_stm32f101xb.o(.text)
    EXTI9_5_IRQHandler                       0x08000117   Thumb Code     0  startup_stm32f101xb.o(.text)
    FLASH_IRQHandler                         0x08000117   Thumb Code     0  startup_stm32f101xb.o(.text)
    I2C1_ER_IRQHandler                       0x08000117   Thumb Code     0  startup_stm32f101xb.o(.text)
    I2C1_EV_IRQHandler                       0x08000117   Thumb Code     0  startup_stm32f101xb.o(.text)
    I2C2_ER_IRQHandler                       0x08000117   Thumb Code     0  startup_stm32f101xb.o(.text)
    I2C2_EV_IRQHandler                       0x08000117   Thumb Code     0  startup_stm32f101xb.o(.text)
    PVD_IRQHandler                           0x08000117   Thumb Code     0  startup_stm32f101xb.o(.text)
    RCC_IRQHandler                           0x08000117   Thumb Code     0  startup_stm32f101xb.o(.text)
    RTC_Alarm_IRQHandler                     0x08000117   Thumb Code     0  startup_stm32f101xb.o(.text)
    RTC_IRQHandler                           0x08000117   Thumb Code     0  startup_stm32f101xb.o(.text)
    SPI1_IRQHandler                          0x08000117   Thumb Code     0  startup_stm32f101xb.o(.text)
    SPI2_IRQHandler                          0x08000117   Thumb Code     0  startup_stm32f101xb.o(.text)
    TAMPER_IRQHandler                        0x08000117   Thumb Code     0  startup_stm32f101xb.o(.text)
    TIM2_IRQHandler                          0x08000117   Thumb Code     0  startup_stm32f101xb.o(.text)
    TIM3_IRQHandler                          0x08000117   Thumb Code     0  startup_stm32f101xb.o(.text)
    TIM4_IRQHandler                          0x08000117   Thumb Code     0  startup_stm32f101xb.o(.text)
    USART3_IRQHandler                        0x08000117   Thumb Code     0  startup_stm32f101xb.o(.text)
    WWDG_IRQHandler                          0x08000117   Thumb Code     0  startup_stm32f101xb.o(.text)
    tolower                                  0x08000121   Thumb Code    12  tolower.o(.text)
    __aeabi_memcpy                           0x0800012d   Thumb Code    36  memcpya.o(.text)
    __aeabi_memcpy4                          0x0800012d   Thumb Code     0  memcpya.o(.text)
    __aeabi_memcpy8                          0x0800012d   Thumb Code     0  memcpya.o(.text)
    __aeabi_memset                           0x08000151   Thumb Code    14  memseta.o(.text)
    __aeabi_memset4                          0x08000151   Thumb Code     0  memseta.o(.text)
    __aeabi_memset8                          0x08000151   Thumb Code     0  memseta.o(.text)
    __aeabi_memclr                           0x0800015f   Thumb Code     4  memseta.o(.text)
    __aeabi_memclr4                          0x0800015f   Thumb Code     0  memseta.o(.text)
    __aeabi_memclr8                          0x0800015f   Thumb Code     0  memseta.o(.text)
    _memset$wrapper                          0x08000163   Thumb Code    18  memseta.o(.text)
    strstr                                   0x08000175   Thumb Code    36  strstr.o(.text)
    strchr                                   0x08000199   Thumb Code    20  strchr.o(.text)
    strlen                                   0x080001ad   Thumb Code    14  strlen.o(.text)
    strcmp                                   0x080001bb   Thumb Code    28  strcmp.o(.text)
    strcpy                                   0x080001d7   Thumb Code    18  strcpy.o(.text)
    strncmp                                  0x080001e9   Thumb Code    30  strncmp.o(.text)
    _scanf_real                              0x08000331   Thumb Code     0  scanf_fp.o(.text)
    _scanf_really_real                       0x08000331   Thumb Code   556  scanf_fp.o(.text)
    __aeabi_dadd                             0x08000569   Thumb Code   322  dadd.o(.text)
    __aeabi_dsub                             0x080006ab   Thumb Code     6  dadd.o(.text)
    __aeabi_drsub                            0x080006b1   Thumb Code     6  dadd.o(.text)
    __aeabi_dmul                             0x080006b7   Thumb Code   228  dmul.o(.text)
    __aeabi_dcmple                           0x0800079b   Thumb Code    54  dcmple.o(.text)
    __aeabi_dcmpge                           0x080007d1   Thumb Code    54  dcmpge.o(.text)
    __aeabi_d2iz                             0x08000807   Thumb Code    62  dfixi.o(.text)
    __aeabi_uidiv                            0x08000845   Thumb Code     0  uidiv.o(.text)
    __aeabi_uidivmod                         0x08000845   Thumb Code    44  uidiv.o(.text)
    __aeabi_uldivmod                         0x08000871   Thumb Code    98  uldiv.o(.text)
    __aeabi_llsl                             0x080008d3   Thumb Code    30  llshl.o(.text)
    _ll_shift_l                              0x080008d3   Thumb Code     0  llshl.o(.text)
    __aeabi_llsr                             0x080008f1   Thumb Code    32  llushr.o(.text)
    _ll_ushift_r                             0x080008f1   Thumb Code     0  llushr.o(.text)
    __aeabi_lasr                             0x08000911   Thumb Code    36  llsshr.o(.text)
    _ll_sshift_r                             0x08000911   Thumb Code     0  llsshr.o(.text)
    _sgetc                                   0x08000935   Thumb Code    30  _sgetc.o(.text)
    _sbackspace                              0x08000953   Thumb Code    34  _sgetc.o(.text)
    __strtod_int                             0x080009b3   Thumb Code    94  strtod.o(.text)
    __I$use$fp                               0x08000a1d   Thumb Code     0  iusefp.o(.text)
    _double_round                            0x08000a1d   Thumb Code    30  depilogue.o(.text)
    _double_epilogue                         0x08000a3b   Thumb Code   156  depilogue.o(.text)
    __aeabi_ddiv                             0x08000ad7   Thumb Code   222  ddiv.o(.text)
    __aeabi_ul2d                             0x08000bb5   Thumb Code    24  dfltul.o(.text)
    __aeabi_d2ulz                            0x08000bcd   Thumb Code    48  dfixul.o(.text)
    __aeabi_cdrcmple                         0x08000bfd   Thumb Code    48  cdrcmple.o(.text)
    __aeabi_d2f                              0x08000c2d   Thumb Code    56  d2f.o(.text)
    __scatterload                            0x08000c65   Thumb Code    38  init.o(.text)
    __scatterload_rt2                        0x08000c65   Thumb Code     0  init.o(.text)
    isspace                                  0x08000c95   Thumb Code    10  isspace_c.o(.text)
    _float_round                             0x08000c9f   Thumb Code    18  fepilogue.o(.text)
    _float_epilogue                          0x08000cb1   Thumb Code    92  fepilogue.o(.text)
    __ctype_lookup                           0x08000d0d   Thumb Code    34  ctype_c.o(.text)
    BusFault_Handler                         0x08000d35   Thumb Code     2  stm32f1xx_it.o(.text.BusFault_Handler)
    DebugMon_Handler                         0x08000d39   Thumb Code     2  stm32f1xx_it.o(.text.DebugMon_Handler)
    HAL_GPIO_Init                            0x08000d3d   Thumb Code   514  stm32f1xx_hal_gpio.o(.text.HAL_GPIO_Init)
    HAL_GPIO_ReadPin                         0x08000f41   Thumb Code    10  stm32f1xx_hal_gpio.o(.text.HAL_GPIO_ReadPin)
    HAL_GPIO_WritePin                        0x08000f4d   Thumb Code    10  stm32f1xx_hal_gpio.o(.text.HAL_GPIO_WritePin)
    HAL_GetTick                              0x08000f59   Thumb Code    12  stm32f1xx_hal.o(.text.HAL_GetTick)
    HAL_IncTick                              0x08000f65   Thumb Code    26  stm32f1xx_hal.o(.text.HAL_IncTick)
    HAL_Init                                 0x08000f81   Thumb Code    38  stm32f1xx_hal.o(.text.HAL_Init)
    HAL_InitTick                             0x08000fa9   Thumb Code    80  stm32f1xx_hal.o(.text.HAL_InitTick)
    HAL_MspInit                              0x08000ff9   Thumb Code     2  stm32f1xx_hal.o(.text.HAL_MspInit)
    HAL_NVIC_EnableIRQ                       0x08000ffd   Thumb Code    34  stm32f1xx_hal_cortex.o(.text.HAL_NVIC_EnableIRQ)
    HAL_NVIC_SetPriority                     0x08001021   Thumb Code    86  stm32f1xx_hal_cortex.o(.text.HAL_NVIC_SetPriority)
    HAL_NVIC_SetPriorityGrouping             0x08001079   Thumb Code    32  stm32f1xx_hal_cortex.o(.text.HAL_NVIC_SetPriorityGrouping)
    HAL_RCC_ClockConfig                      0x08001099   Thumb Code   434  stm32f1xx_hal_rcc.o(.text.HAL_RCC_ClockConfig)
    HAL_RCC_GetPCLK1Freq                     0x0800124d   Thumb Code    38  stm32f1xx_hal_rcc.o(.text.HAL_RCC_GetPCLK1Freq)
    HAL_RCC_GetPCLK2Freq                     0x08001275   Thumb Code    38  stm32f1xx_hal_rcc.o(.text.HAL_RCC_GetPCLK2Freq)
    HAL_RCC_OscConfig                        0x0800129d   Thumb Code   824  stm32f1xx_hal_rcc.o(.text.HAL_RCC_OscConfig)
    HAL_SYSTICK_Config                       0x080015d5   Thumb Code    44  stm32f1xx_hal_cortex.o(.text.HAL_SYSTICK_Config)
    HAL_UART_Init                            0x08001601   Thumb Code   224  stm32f1xx_hal_uart.o(.text.HAL_UART_Init)
    HAL_UART_MspInit                         0x080016e1   Thumb Code   288  uart1.o(.text.HAL_UART_MspInit)
    HAL_UART_Receive                         0x08001801   Thumb Code   294  stm32f1xx_hal_uart.o(.text.HAL_UART_Receive)
    HAL_UART_Transmit                        0x08001929   Thumb Code   360  stm32f1xx_hal_uart.o(.text.HAL_UART_Transmit)
    HardFault_Handler                        0x08001a91   Thumb Code     2  stm32f1xx_it.o(.text.HardFault_Handler)
    MemManage_Handler                        0x08001a95   Thumb Code     2  stm32f1xx_it.o(.text.MemManage_Handler)
    NMI_Handler                              0x08001a99   Thumb Code     2  stm32f1xx_it.o(.text.NMI_Handler)
    PendSV_Handler                           0x08001a9d   Thumb Code     2  stm32f1xx_it.o(.text.PendSV_Handler)
    SVC_Handler                              0x08001aa1   Thumb Code     2  stm32f1xx_it.o(.text.SVC_Handler)
    SysTick_Handler                          0x08001aa5   Thumb Code     4  stm32f1xx_it.o(.text.SysTick_Handler)
    SystemInit                               0x08001aa9   Thumb Code     2  system_stm32f1xx.o(.text.SystemInit)
    USART1_IRQHandler                        0x08001aad   Thumb Code   140  uart1.o(.text.USART1_IRQHandler)
    USART2_IRQHandler                        0x08001b45   Thumb Code    92  esp8266.o(.text.USART2_IRQHandler)
    UsageFault_Handler                       0x08001ba1   Thumb Code     2  stm32f1xx_it.o(.text.UsageFault_Handler)
    cJSON_Delete                             0x08001bd9   Thumb Code    96  cjson.o(.text.cJSON_Delete)
    cJSON_GetArrayItem                       0x08001c39   Thumb Code    42  cjson.o(.text.cJSON_GetArrayItem)
    cJSON_GetObjectItem                      0x08001c65   Thumb Code     6  cjson.o(.text.cJSON_GetObjectItem)
    cJSON_IsArray                            0x08001c6d   Thumb Code    20  cjson.o(.text.cJSON_IsArray)
    cJSON_Parse                              0x08001c81   Thumb Code    32  cjson.o(.text.cJSON_Parse)
    cJSON_ParseWithLengthOpts                0x08001ca1   Thumb Code   344  cjson.o(.text.cJSON_ParseWithLengthOpts)
    delay_ms                                 0x08001dfd   Thumb Code    72  delay.o(.text.delay_ms)
    esp8266_connect_tcp_server               0x08001e45   Thumb Code   152  esp8266.o(.text.esp8266_connect_tcp_server)
    esp8266_connectionMode                   0x08001f01   Thumb Code   152  esp8266.o(.text.esp8266_connectionMode)
    esp8266_copy_rxdata                      0x08001fa9   Thumb Code    28  esp8266.o(.text.esp8266_copy_rxdata)
    esp8266_enter_unvarnished                0x08001fc5   Thumb Code   232  esp8266.o(.text.esp8266_enter_unvarnished)
    esp8266_get_weather                      0x080020cd   Thumb Code   184  esp8266.o(.text.esp8266_get_weather)
    esp8266_init                             0x08002191   Thumb Code   652  esp8266.o(.text.esp8266_init)
    esp8266_joinAp                           0x080024a9   Thumb Code   156  esp8266.o(.text.esp8266_joinAp)
    fputc                                    0x0800255d   Thumb Code    20  uart1.o(.text.fputc)
    get_weather                              0x08002645   Thumb Code   556  weather.o(.text.get_weather)
    key_init                                 0x08002911   Thumb Code    62  key.o(.text.key_init)
    key_scan                                 0x08002951   Thumb Code   100  key.o(.text.key_scan)
    led1_on                                  0x080029b5   Thumb Code    18  led.o(.text.led1_on)
    led2_off                                 0x080029c9   Thumb Code    18  led.o(.text.led2_off)
    led_init                                 0x080029dd   Thumb Code    92  led.o(.text.led_init)
    main                                     0x08002a39   Thumb Code   128  main.o(.text.main)
    oled_display_char                        0x08002af5   Thumb Code   190  oled.o(.text.oled_display_char)
    oled_display_init                        0x08002bb5   Thumb Code   492  oled.o(.text.oled_display_init)
    oled_display_string                      0x08002db5   Thumb Code    56  oled.o(.text.oled_display_string)
    oled_fill                                0x08002ded   Thumb Code    78  oled.o(.text.oled_fill)
    oled_init                                0x08002e3d   Thumb Code   382  oled.o(.text.oled_init)
    oled_write_cmd                           0x08002fbd   Thumb Code   330  oled.o(.text.oled_write_cmd)
    oled_write_data                          0x08003109   Thumb Code   334  oled.o(.text.oled_write_data)
    show_weather                             0x08003a19   Thumb Code    78  weather.o(.text.show_weather)
    stm32_clock_init                         0x08003a69   Thumb Code    90  sys.o(.text.stm32_clock_init)
    uart1_init                               0x08003ac5   Thumb Code    42  uart1.o(.text.uart1_init)
    weatherCodeToText                        0x08003af1   Thumb Code   188  weather.o(.text.weatherCodeToText)
    __0printf                                0x08003bd1   Thumb Code    22  printfa.o(i.__0printf)
    __1printf                                0x08003bd1   Thumb Code     0  printfa.o(i.__0printf)
    __2printf                                0x08003bd1   Thumb Code     0  printfa.o(i.__0printf)
    __c89printf                              0x08003bd1   Thumb Code     0  printfa.o(i.__0printf)
    printf                                   0x08003bd1   Thumb Code     0  printfa.o(i.__0printf)
    __0snprintf                              0x08003bf1   Thumb Code    48  printfa.o(i.__0snprintf)
    __1snprintf                              0x08003bf1   Thumb Code     0  printfa.o(i.__0snprintf)
    __2snprintf                              0x08003bf1   Thumb Code     0  printfa.o(i.__0snprintf)
    __c89snprintf                            0x08003bf1   Thumb Code     0  printfa.o(i.__0snprintf)
    snprintf                                 0x08003bf1   Thumb Code     0  printfa.o(i.__0snprintf)
    __0sprintf                               0x08003c25   Thumb Code    34  printfa.o(i.__0sprintf)
    __1sprintf                               0x08003c25   Thumb Code     0  printfa.o(i.__0sprintf)
    __2sprintf                               0x08003c25   Thumb Code     0  printfa.o(i.__0sprintf)
    __c89sprintf                             0x08003c25   Thumb Code     0  printfa.o(i.__0sprintf)
    sprintf                                  0x08003c25   Thumb Code     0  printfa.o(i.__0sprintf)
    free                                     0x08003c4d   Thumb Code    88  mallocr.o(i.__free$realloc)
    malloc                                   0x08003ca9   Thumb Code    64  mallocr.o(i.__malloc$realloc)
    __scatterload_copy                       0x08003cf9   Thumb Code    14  handlers.o(i.__scatterload_copy)
    __scatterload_null                       0x08003d07   Thumb Code     2  handlers.o(i.__scatterload_null)
    __scatterload_zeroinit                   0x08003d09   Thumb Code    14  handlers.o(i.__scatterload_zeroinit)
    _is_digit                                0x08003e9d   Thumb Code    14  scanf_fp.o(i._is_digit)
    putchar                                  0x0800464d   Thumb Code     6  putchar.o(i.putchar)
    puts                                     0x08004659   Thumb Code    30  puts.o(i.puts)
    realloc                                  0x0800467d   Thumb Code   102  mallocr.o(i.realloc)
    strtod                                   0x080046e9   Thumb Code    30  strtod.o(i.strtod)
    __ctype_categories                       0x08004706   Data          64  ctype_c.o(.constdata)
    AHBPrescTable                            0x08004746   Data          16  system_stm32f1xx.o(.rodata.AHBPrescTable)
    APBPrescTable                            0x08004756   Data           8  system_stm32f1xx.o(.rodata.APBPrescTable)
    ascii_12X24                              0x08004760   Data        3420  oled.o(.rodata.ascii_12X24)
    ascii_6X12                               0x080054bc   Data        1140  oled.o(.rodata.ascii_6X12)
    ascii_8X16                               0x08005930   Data        1520  oled.o(.rodata.ascii_8X16)
    celsius                                  0x08005f20   Data          32  oled.o(.rodata.celsius)
    Region$$Table$$Base                      0x080061dc   Number         0  anon$$obj.o(Region$$Table)
    Region$$Table$$Limit                     0x080061fc   Number         0  anon$$obj.o(Region$$Table)
    __stdout                                 0x20000000   Data           4  stdout.o(.data)
    __microlib_freelist                      0x20000004   Data           4  mvars.o(.data)
    __microlib_freelist_initialised          0x20000008   Data           4  mvars.o(.data)
    SystemCoreClock                          0x2000000c   Data           4  system_stm32f1xx.o(.data.SystemCoreClock)
    uwTickFreq                               0x2000001c   Data           1  stm32f1xx_hal.o(.data.uwTickFreq)
    uwTickPrio                               0x20000020   Data           4  stm32f1xx_hal.o(.data.uwTickPrio)
    esp8266_cnt                              0x20000028   Data           2  esp8266.o(.bss.esp8266_cnt)
    esp8266_cntPre                           0x2000002a   Data           2  esp8266.o(.bss.esp8266_cntPre)
    esp8266_handle                           0x2000002c   Data          72  esp8266.o(.bss.esp8266_handle)
    esp8266_rx_buf                           0x20000074   Data        1024  esp8266.o(.bss.esp8266_rx_buf)
    uart1_handle                             0x2000047c   Data          72  uart1.o(.bss.uart1_handle)
    uart1_rx_buf                             0x200004c4   Data         128  uart1.o(.bss.uart1_rx_buf)
    uart1_rx_len                             0x20000544   Data           2  uart1.o(.bss.uart1_rx_len)
    uwTick                                   0x20000548   Data           4  stm32f1xx_hal.o(.bss.uwTick)
    weatherForecast                          0x2000054c   Data         176  weather.o(.bss.weatherForecast)
    weather_data                             0x200005fc   Data        1024  weather.o(.bss.weather_data)
    __heap_base                              0x20000a00   Data           0  startup_stm32f101xb.o(HEAP)
    __heap_limit                             0x20001600   Data           0  startup_stm32f101xb.o(HEAP)
    __initial_sp                             0x20001a00   Data           0  startup_stm32f101xb.o(STACK)



==============================================================================

Memory Map of the image

  Image Entry point : 0x080000e9

  Load Region LR_IROM1 (Base: 0x08000000, Size: 0x00006228, Max: 0x00010000, ABSOLUTE)

    Execution Region ER_IROM1 (Exec base: 0x08000000, Load base: 0x08000000, Size: 0x000061fc, Max: 0x00010000, ABSOLUTE)

    Exec Addr    Load Addr    Size         Type   Attr      Idx    E Section Name        Object

    0x08000000   0x08000000   0x000000e8   Data   RO            3    RESET               startup_stm32f101xb.o
    0x080000e8   0x080000e8   0x00000000   Code   RO          877  * .ARM.Collect$$$$00000000  mc_w.l(entry.o)
    0x080000e8   0x080000e8   0x00000004   Code   RO         1223    .ARM.Collect$$$$00000001  mc_w.l(entry2.o)
    0x080000ec   0x080000ec   0x00000004   Code   RO         1226    .ARM.Collect$$$$00000004  mc_w.l(entry5.o)
    0x080000f0   0x080000f0   0x00000000   Code   RO         1228    .ARM.Collect$$$$00000008  mc_w.l(entry7b.o)
    0x080000f0   0x080000f0   0x00000000   Code   RO         1230    .ARM.Collect$$$$0000000A  mc_w.l(entry8b.o)
    0x080000f0   0x080000f0   0x00000008   Code   RO         1231    .ARM.Collect$$$$0000000B  mc_w.l(entry9a.o)
    0x080000f8   0x080000f8   0x00000000   Code   RO         1233    .ARM.Collect$$$$0000000D  mc_w.l(entry10a.o)
    0x080000f8   0x080000f8   0x00000000   Code   RO         1235    .ARM.Collect$$$$0000000F  mc_w.l(entry11a.o)
    0x080000f8   0x080000f8   0x00000004   Code   RO         1224    .ARM.Collect$$$$00002712  mc_w.l(entry2.o)
    0x080000fc   0x080000fc   0x00000024   Code   RO            4    .text               startup_stm32f101xb.o
    0x08000120   0x08000120   0x0000000c   Code   RO          886    .text               mc_w.l(tolower.o)
    0x0800012c   0x0800012c   0x00000024   Code   RO          888    .text               mc_w.l(memcpya.o)
    0x08000150   0x08000150   0x00000024   Code   RO          890    .text               mc_w.l(memseta.o)
    0x08000174   0x08000174   0x00000024   Code   RO          892    .text               mc_w.l(strstr.o)
    0x08000198   0x08000198   0x00000014   Code   RO          894    .text               mc_w.l(strchr.o)
    0x080001ac   0x080001ac   0x0000000e   Code   RO          896    .text               mc_w.l(strlen.o)
    0x080001ba   0x080001ba   0x0000001c   Code   RO          898    .text               mc_w.l(strcmp.o)
    0x080001d6   0x080001d6   0x00000012   Code   RO          900    .text               mc_w.l(strcpy.o)
    0x080001e8   0x080001e8   0x0000001e   Code   RO          902    .text               mc_w.l(strncmp.o)
    0x08000206   0x08000206   0x00000002   PAD
    0x08000208   0x08000208   0x00000360   Code   RO         1197    .text               mc_w.l(scanf_fp.o)
    0x08000568   0x08000568   0x0000014e   Code   RO         1201    .text               mf_w.l(dadd.o)
    0x080006b6   0x080006b6   0x000000e4   Code   RO         1203    .text               mf_w.l(dmul.o)
    0x0800079a   0x0800079a   0x00000036   Code   RO         1207    .text               mf_w.l(dcmple.o)
    0x080007d0   0x080007d0   0x00000036   Code   RO         1209    .text               mf_w.l(dcmpge.o)
    0x08000806   0x08000806   0x0000003e   Code   RO         1219    .text               mf_w.l(dfixi.o)
    0x08000844   0x08000844   0x0000002c   Code   RO         1247    .text               mc_w.l(uidiv.o)
    0x08000870   0x08000870   0x00000062   Code   RO         1249    .text               mc_w.l(uldiv.o)
    0x080008d2   0x080008d2   0x0000001e   Code   RO         1251    .text               mc_w.l(llshl.o)
    0x080008f0   0x080008f0   0x00000020   Code   RO         1253    .text               mc_w.l(llushr.o)
    0x08000910   0x08000910   0x00000024   Code   RO         1255    .text               mc_w.l(llsshr.o)
    0x08000934   0x08000934   0x00000040   Code   RO         1261    .text               mc_w.l(_sgetc.o)
    0x08000974   0x08000974   0x000000a8   Code   RO         1263    .text               mc_w.l(strtod.o)
    0x08000a1c   0x08000a1c   0x00000000   Code   RO         1265    .text               mc_w.l(iusefp.o)
    0x08000a1c   0x08000a1c   0x000000ba   Code   RO         1266    .text               mf_w.l(depilogue.o)
    0x08000ad6   0x08000ad6   0x000000de   Code   RO         1268    .text               mf_w.l(ddiv.o)
    0x08000bb4   0x08000bb4   0x00000018   Code   RO         1270    .text               mf_w.l(dfltul.o)
    0x08000bcc   0x08000bcc   0x00000030   Code   RO         1272    .text               mf_w.l(dfixul.o)
    0x08000bfc   0x08000bfc   0x00000030   Code   RO         1274    .text               mf_w.l(cdrcmple.o)
    0x08000c2c   0x08000c2c   0x00000038   Code   RO         1276    .text               mf_w.l(d2f.o)
    0x08000c64   0x08000c64   0x00000030   Code   RO         1278    .text               mc_w.l(init.o)
    0x08000c94   0x08000c94   0x0000000a   Code   RO         1280    .text               mc_w.l(isspace_c.o)
    0x08000c9e   0x08000c9e   0x0000006e   Code   RO         1284    .text               mf_w.l(fepilogue.o)
    0x08000d0c   0x08000d0c   0x00000028   Code   RO         1286    .text               mc_w.l(ctype_c.o)
    0x08000d34   0x08000d34   0x00000002   Code   RO           27    .text.BusFault_Handler  stm32f1xx_it.o
    0x08000d36   0x08000d36   0x00000002   PAD
    0x08000d38   0x08000d38   0x00000002   Code   RO           33    .text.DebugMon_Handler  stm32f1xx_it.o
    0x08000d3a   0x08000d3a   0x00000002   PAD
    0x08000d3c   0x08000d3c   0x00000202   Code   RO          580    .text.HAL_GPIO_Init  stm32f1xx_hal_gpio.o
    0x08000f3e   0x08000f3e   0x00000002   PAD
    0x08000f40   0x08000f40   0x0000000a   Code   RO          584    .text.HAL_GPIO_ReadPin  stm32f1xx_hal_gpio.o
    0x08000f4a   0x08000f4a   0x00000002   PAD
    0x08000f4c   0x08000f4c   0x0000000a   Code   RO          586    .text.HAL_GPIO_WritePin  stm32f1xx_hal_gpio.o
    0x08000f56   0x08000f56   0x00000002   PAD
    0x08000f58   0x08000f58   0x0000000c   Code   RO          459    .text.HAL_GetTick   stm32f1xx_hal.o
    0x08000f64   0x08000f64   0x0000001a   Code   RO          457    .text.HAL_IncTick   stm32f1xx_hal.o
    0x08000f7e   0x08000f7e   0x00000002   PAD
    0x08000f80   0x08000f80   0x00000026   Code   RO          447    .text.HAL_Init      stm32f1xx_hal.o
    0x08000fa6   0x08000fa6   0x00000002   PAD
    0x08000fa8   0x08000fa8   0x00000050   Code   RO          449    .text.HAL_InitTick  stm32f1xx_hal.o
    0x08000ff8   0x08000ff8   0x00000002   Code   RO          451    .text.HAL_MspInit   stm32f1xx_hal.o
    0x08000ffa   0x08000ffa   0x00000002   PAD
    0x08000ffc   0x08000ffc   0x00000022   Code   RO          512    .text.HAL_NVIC_EnableIRQ  stm32f1xx_hal_cortex.o
    0x0800101e   0x0800101e   0x00000002   PAD
    0x08001020   0x08001020   0x00000056   Code   RO          510    .text.HAL_NVIC_SetPriority  stm32f1xx_hal_cortex.o
    0x08001076   0x08001076   0x00000002   PAD
    0x08001078   0x08001078   0x00000020   Code   RO          508    .text.HAL_NVIC_SetPriorityGrouping  stm32f1xx_hal_cortex.o
    0x08001098   0x08001098   0x000001b2   Code   RO          826    .text.HAL_RCC_ClockConfig  stm32f1xx_hal_rcc.o
    0x0800124a   0x0800124a   0x00000002   PAD
    0x0800124c   0x0800124c   0x00000026   Code   RO          838    .text.HAL_RCC_GetPCLK1Freq  stm32f1xx_hal_rcc.o
    0x08001272   0x08001272   0x00000002   PAD
    0x08001274   0x08001274   0x00000026   Code   RO          840    .text.HAL_RCC_GetPCLK2Freq  stm32f1xx_hal_rcc.o
    0x0800129a   0x0800129a   0x00000002   PAD
    0x0800129c   0x0800129c   0x00000338   Code   RO          824    .text.HAL_RCC_OscConfig  stm32f1xx_hal_rcc.o
    0x080015d4   0x080015d4   0x0000002c   Code   RO          520    .text.HAL_SYSTICK_Config  stm32f1xx_hal_cortex.o
    0x08001600   0x08001600   0x000000e0   Code   RO          618    .text.HAL_UART_Init  stm32f1xx_hal_uart.o
    0x080016e0   0x080016e0   0x00000120   Code   RO          421    .text.HAL_UART_MspInit  uart1.o
    0x08001800   0x08001800   0x00000126   Code   RO          634    .text.HAL_UART_Receive  stm32f1xx_hal_uart.o
    0x08001926   0x08001926   0x00000002   PAD
    0x08001928   0x08001928   0x00000168   Code   RO          632    .text.HAL_UART_Transmit  stm32f1xx_hal_uart.o
    0x08001a90   0x08001a90   0x00000002   Code   RO           23    .text.HardFault_Handler  stm32f1xx_it.o
    0x08001a92   0x08001a92   0x00000002   PAD
    0x08001a94   0x08001a94   0x00000002   Code   RO           25    .text.MemManage_Handler  stm32f1xx_it.o
    0x08001a96   0x08001a96   0x00000002   PAD
    0x08001a98   0x08001a98   0x00000002   Code   RO           21    .text.NMI_Handler   stm32f1xx_it.o
    0x08001a9a   0x08001a9a   0x00000002   PAD
    0x08001a9c   0x08001a9c   0x00000002   Code   RO           35    .text.PendSV_Handler  stm32f1xx_it.o
    0x08001a9e   0x08001a9e   0x00000002   PAD
    0x08001aa0   0x08001aa0   0x00000002   Code   RO           31    .text.SVC_Handler   stm32f1xx_it.o
    0x08001aa2   0x08001aa2   0x00000002   PAD
    0x08001aa4   0x08001aa4   0x00000004   Code   RO           37    .text.SysTick_Handler  stm32f1xx_it.o
    0x08001aa8   0x08001aa8   0x00000002   Code   RO           46    .text.SystemInit    system_stm32f1xx.o
    0x08001aaa   0x08001aaa   0x00000002   PAD
    0x08001aac   0x08001aac   0x00000098   Code   RO          425    .text.USART1_IRQHandler  uart1.o
    0x08001b44   0x08001b44   0x0000005c   Code   RO          277    .text.USART2_IRQHandler  esp8266.o
    0x08001ba0   0x08001ba0   0x00000002   Code   RO           29    .text.UsageFault_Handler  stm32f1xx_it.o
    0x08001ba2   0x08001ba2   0x00000002   PAD
    0x08001ba4   0x08001ba4   0x00000032   Code   RO          110    .text.buffer_skip_whitespace  cjson.o
    0x08001bd6   0x08001bd6   0x00000002   PAD
    0x08001bd8   0x08001bd8   0x00000060   Code   RO           96    .text.cJSON_Delete  cjson.o
    0x08001c38   0x08001c38   0x0000002a   Code   RO          130    .text.cJSON_GetArrayItem  cjson.o
    0x08001c62   0x08001c62   0x00000002   PAD
    0x08001c64   0x08001c64   0x00000006   Code   RO          132    .text.cJSON_GetObjectItem  cjson.o
    0x08001c6a   0x08001c6a   0x00000002   PAD
    0x08001c6c   0x08001c6c   0x00000014   Code   RO          240    .text.cJSON_IsArray  cjson.o
    0x08001c80   0x08001c80   0x00000020   Code   RO          112    .text.cJSON_Parse   cjson.o
    0x08001ca0   0x08001ca0   0x0000015c   Code   RO          106    .text.cJSON_ParseWithLengthOpts  cjson.o
    0x08001dfc   0x08001dfc   0x00000048   Code   RO          403    .text.delay_ms      delay.o
    0x08001e44   0x08001e44   0x000000bc   Code   RO          297    .text.esp8266_connect_tcp_server  esp8266.o
    0x08001f00   0x08001f00   0x000000a8   Code   RO          295    .text.esp8266_connectionMode  esp8266.o
    0x08001fa8   0x08001fa8   0x0000001c   Code   RO          305    .text.esp8266_copy_rxdata  esp8266.o
    0x08001fc4   0x08001fc4   0x00000108   Code   RO          299    .text.esp8266_enter_unvarnished  esp8266.o
    0x080020cc   0x080020cc   0x000000c4   Code   RO          303    .text.esp8266_get_weather  esp8266.o
    0x08002190   0x08002190   0x00000318   Code   RO          301    .text.esp8266_init  esp8266.o
    0x080024a8   0x080024a8   0x000000b4   Code   RO          293    .text.esp8266_joinAp  esp8266.o
    0x0800255c   0x0800255c   0x00000014   Code   RO          417    .text.fputc         uart1.o
    0x08002570   0x08002570   0x000000d2   Code   RO          134    .text.get_object_item  cjson.o
    0x08002642   0x08002642   0x00000002   PAD
    0x08002644   0x08002644   0x000002cc   Code   RO          384    .text.get_weather   weather.o
    0x08002910   0x08002910   0x0000003e   Code   RO          324    .text.key_init      key.o
    0x0800294e   0x0800294e   0x00000002   PAD
    0x08002950   0x08002950   0x00000064   Code   RO          326    .text.key_scan      key.o
    0x080029b4   0x080029b4   0x00000012   Code   RO           67    .text.led1_on       led.o
    0x080029c6   0x080029c6   0x00000002   PAD
    0x080029c8   0x080029c8   0x00000012   Code   RO           65    .text.led2_off      led.o
    0x080029da   0x080029da   0x00000002   PAD
    0x080029dc   0x080029dc   0x0000005c   Code   RO           61    .text.led_init      led.o
    0x08002a38   0x08002a38   0x000000bc   Code   RO           11    .text.main          main.o
    0x08002af4   0x08002af4   0x000000be   Code   RO          355    .text.oled_display_char  oled.o
    0x08002bb2   0x08002bb2   0x00000002   PAD
    0x08002bb4   0x08002bb4   0x00000200   Code   RO          363    .text.oled_display_init  oled.o
    0x08002db4   0x08002db4   0x00000038   Code   RO          359    .text.oled_display_string  oled.o
    0x08002dec   0x08002dec   0x0000004e   Code   RO          341    .text.oled_fill     oled.o
    0x08002e3a   0x08002e3a   0x00000002   PAD
    0x08002e3c   0x08002e3c   0x0000017e   Code   RO          337    .text.oled_init     oled.o
    0x08002fba   0x08002fba   0x00000002   PAD
    0x08002fbc   0x08002fbc   0x0000014a   Code   RO          339    .text.oled_write_cmd  oled.o
    0x08003106   0x08003106   0x00000002   PAD
    0x08003108   0x08003108   0x0000014e   Code   RO          351    .text.oled_write_data  oled.o
    0x08003256   0x08003256   0x00000002   PAD
    0x08003258   0x08003258   0x0000004e   Code   RO          256    .text.parse_hex4    cjson.o
    0x080032a6   0x080032a6   0x00000002   PAD
    0x080032a8   0x080032a8   0x000001ae   Code   RO          254    .text.parse_object  cjson.o
    0x08003456   0x08003456   0x00000002   PAD
    0x08003458   0x08003458   0x0000030c   Code   RO          252    .text.parse_string  cjson.o
    0x08003764   0x08003764   0x000002b4   Code   RO          108    .text.parse_value   cjson.o
    0x08003a18   0x08003a18   0x0000004e   Code   RO          388    .text.show_weather  weather.o
    0x08003a66   0x08003a66   0x00000002   PAD
    0x08003a68   0x08003a68   0x0000005a   Code   RO          438    .text.stm32_clock_init  sys.o
    0x08003ac2   0x08003ac2   0x00000002   PAD
    0x08003ac4   0x08003ac4   0x0000002a   Code   RO          419    .text.uart1_init    uart1.o
    0x08003aee   0x08003aee   0x00000002   PAD
    0x08003af0   0x08003af0   0x000000e0   Code   RO          386    .text.weatherCodeToText  weather.o
    0x08003bd0   0x08003bd0   0x00000020   Code   RO         1139    i.__0printf         mc_w.l(printfa.o)
    0x08003bf0   0x08003bf0   0x00000034   Code   RO         1140    i.__0snprintf       mc_w.l(printfa.o)
    0x08003c24   0x08003c24   0x00000028   Code   RO         1141    i.__0sprintf        mc_w.l(printfa.o)
    0x08003c4c   0x08003c4c   0x0000005c   Code   RO         1171    i.__free$realloc    mc_w.l(mallocr.o)
    0x08003ca8   0x08003ca8   0x00000050   Code   RO         1172    i.__malloc$realloc  mc_w.l(mallocr.o)
    0x08003cf8   0x08003cf8   0x0000000e   Code   RO         1291    i.__scatterload_copy  mc_w.l(handlers.o)
    0x08003d06   0x08003d06   0x00000002   Code   RO         1292    i.__scatterload_null  mc_w.l(handlers.o)
    0x08003d08   0x08003d08   0x0000000e   Code   RO         1293    i.__scatterload_zeroinit  mc_w.l(handlers.o)
    0x08003d16   0x08003d16   0x00000002   PAD
    0x08003d18   0x08003d18   0x00000184   Code   RO         1146    i._fp_digits        mc_w.l(printfa.o)
    0x08003e9c   0x08003e9c   0x0000000e   Code   RO         1199    i._is_digit         mc_w.l(scanf_fp.o)
    0x08003eaa   0x08003eaa   0x00000002   PAD
    0x08003eac   0x08003eac   0x000006dc   Code   RO         1147    i._printf_core      mc_w.l(printfa.o)
    0x08004588   0x08004588   0x00000024   Code   RO         1148    i._printf_post_padding  mc_w.l(printfa.o)
    0x080045ac   0x080045ac   0x0000002e   Code   RO         1149    i._printf_pre_padding  mc_w.l(printfa.o)
    0x080045da   0x080045da   0x00000016   Code   RO         1150    i._snputc           mc_w.l(printfa.o)
    0x080045f0   0x080045f0   0x0000000a   Code   RO         1151    i._sputc            mc_w.l(printfa.o)
    0x080045fa   0x080045fa   0x00000002   PAD
    0x080045fc   0x080045fc   0x00000050   Code   RO         1173    i.internal_alloc    mc_w.l(mallocr.o)
    0x0800464c   0x0800464c   0x0000000c   Code   RO          882    i.putchar           mc_w.l(putchar.o)
    0x08004658   0x08004658   0x00000024   Code   RO          880    i.puts              mc_w.l(puts.o)
    0x0800467c   0x0800467c   0x0000006c   Code   RO         1174    i.realloc           mc_w.l(mallocr.o)
    0x080046e8   0x080046e8   0x0000001e   Code   RO          874    i.strtod            m_ws.l(strtod.o)
    0x08004706   0x08004706   0x00000040   Data   RO         1287    .constdata          mc_w.l(ctype_c.o)
    0x08004746   0x08004746   0x00000010   Data   RO           51    .rodata.AHBPrescTable  system_stm32f1xx.o
    0x08004756   0x08004756   0x00000008   Data   RO           52    .rodata.APBPrescTable  system_stm32f1xx.o
    0x0800475e   0x0800475e   0x00000002   Data   RO          851    .rodata.HAL_RCC_GetSysClockFreq.aPredivFactorTable  stm32f1xx_hal_rcc.o
    0x08004760   0x08004760   0x00000d5c   Data   RO          370    .rodata.ascii_12X24  oled.o
    0x080054bc   0x080054bc   0x00000474   Data   RO          368    .rodata.ascii_6X12  oled.o
    0x08005930   0x08005930   0x000005f0   Data   RO          369    .rodata.ascii_8X16  oled.o
    0x08005f20   0x08005f20   0x00000020   Data   RO          365    .rodata.celsius     oled.o
    0x08005f40   0x08005f40   0x00000010   Data   RO          850    .rodata.cst16       stm32f1xx_hal_rcc.o
    0x08005f50   0x08005f50   0x00000013   Data   RO          266    .rodata.str1.1      cjson.o
    0x08005f63   0x08005f63   0x000000fa   Data   RO          313    .rodata.str1.1      esp8266.o
    0x0800605d   0x0800605d   0x000000d2   Data   RO          392    .rodata.str1.1      weather.o
    0x0800612f   0x0800612f   0x00000001   PAD
    0x08006130   0x08006130   0x000000a9   Data   RO          315    .rodata.str1.4      esp8266.o
    0x080061d9   0x080061d9   0x00000003   PAD
    0x080061dc   0x080061dc   0x00000020   Data   RO         1290    Region$$Table       anon$$obj.o


    Execution Region RW_IRAM1 (Exec base: 0x20000000, Load base: 0x08006200, Size: 0x00001a00, Max: 0x00005000, ABSOLUTE)

    Exec Addr    Load Addr    Size         Type   Attr      Idx    E Section Name        Object

    0x20000000   0x08006200   0x00000004   Data   RW         1237    .data               mc_w.l(stdout.o)
    0x20000004   0x08006204   0x00000004   Data   RW         1257    .data               mc_w.l(mvars.o)
    0x20000008   0x08006208   0x00000004   Data   RW         1258    .data               mc_w.l(mvars.o)
    0x2000000c   0x0800620c   0x00000004   Data   RW           50    .data.SystemCoreClock  system_stm32f1xx.o
    0x20000010   0x08006210   0x0000000c   Data   RW          265    .data.global_hooks  cjson.o
    0x2000001c   0x0800621c   0x00000001   Data   RW          498    .data.uwTickFreq    stm32f1xx_hal.o
    0x2000001d   0x0800621d   0x00000003   PAD
    0x20000020   0x08006220   0x00000004   Data   RW          497    .data.uwTickPrio    stm32f1xx_hal.o
    0x20000024   0x08006224   0x00000004   PAD
    0x20000028        -       0x00000002   Zero   RW          309    .bss.esp8266_cnt    esp8266.o
    0x2000002a        -       0x00000002   Zero   RW          310    .bss.esp8266_cntPre  esp8266.o
    0x2000002c        -       0x00000048   Zero   RW          311    .bss.esp8266_handle  esp8266.o
    0x20000074        -       0x00000400   Zero   RW          312    .bss.esp8266_rx_buf  esp8266.o
    0x20000474        -       0x00000004   Zero   RW          262    .bss.global_error.0  cjson.o
    0x20000478        -       0x00000004   Zero   RW          263    .bss.global_error.1  cjson.o
    0x2000047c        -       0x00000048   Zero   RW          428    .bss.uart1_handle   uart1.o
    0x200004c4        -       0x00000080   Zero   RW          429    .bss.uart1_rx_buf   uart1.o
    0x20000544        -       0x00000002   Zero   RW          427    .bss.uart1_rx_len   uart1.o
    0x20000546   0x08006224   0x00000002   PAD
    0x20000548        -       0x00000004   Zero   RW          499    .bss.uwTick         stm32f1xx_hal.o
    0x2000054c        -       0x000000b0   Zero   RW          390    .bss.weatherForecast  weather.o
    0x200005fc        -       0x00000400   Zero   RW          391    .bss.weather_data   weather.o
    0x200009fc   0x08006224   0x00000004   PAD
    0x20000a00        -       0x00000c00   Zero   RW            2    HEAP                startup_stm32f101xb.o
    0x20001600        -       0x00000400   Zero   RW            1    STACK               startup_stm32f101xb.o


==============================================================================

Image component sizes


      Code (inc. data)   RO Data    RW Data    ZI Data      Debug   Object Name

      2784        116         19         12          8      65562   cjson.o
        72          0          0          0          0       2067   delay.o
      1908        260        419          0       1100      12022   esp8266.o
       162          0          0          0          0       1712   key.o
       128          0          0          0          0       2244   led.o
       188         60          0          0          0       1087   main.o
      1882         20       6112          0          0       8809   oled.o
        36          8        232          0       4096        944   startup_stm32f101xb.o
       158          0          0          5          4       5819   stm32f1xx_hal.o
       196          0          0          0          0       8474   stm32f1xx_hal_cortex.o
       534         20          0          0          0       4754   stm32f1xx_hal_gpio.o
      1334          0         18          0          0       7655   stm32f1xx_hal_rcc.o
       878          0          0          0          0      28138   stm32f1xx_hal_uart.o
        20          0          0          0          0       1174   stm32f1xx_it.o
        90          0          0          0          0       1627   sys.o
         2          0         24          4          0       1741   system_stm32f1xx.o
       502         12          0          0        202       6457   uart1.o
      1018        296        210          0       1200       4772   weather.o

    ----------------------------------------------------------------------
     11968        792       7070         24       6620     165058   Object Totals
         0          0         32          0          0          0   (incl. Generated)
        76          0          4          3         10          0   (incl. Padding)

    ----------------------------------------------------------------------

      Code (inc. data)   RO Data    RW Data    ZI Data      Debug   Library Member Name

        30          0          0          0          0         80   strtod.o
        64          0          0          0          0         84   _sgetc.o
        40          6         64          0          0         68   ctype_c.o
         0          0          0          0          0          0   entry.o
         0          0          0          0          0          0   entry10a.o
         0          0          0          0          0          0   entry11a.o
         8          4          0          0          0          0   entry2.o
         4          0          0          0          0          0   entry5.o
         0          0          0          0          0          0   entry7b.o
         0          0          0          0          0          0   entry8b.o
         8          4          0          0          0          0   entry9a.o
        30          0          0          0          0          0   handlers.o
        48         10          0          0          0         68   init.o
        10          0          0          0          0         68   isspace_c.o
         0          0          0          0          0          0   iusefp.o
        30          0          0          0          0         68   llshl.o
        36          0          0          0          0         68   llsshr.o
        32          0          0          0          0         68   llushr.o
       360         30          0          0          0        356   mallocr.o
        36          0          0          0          0         68   memcpya.o
        36          0          0          0          0        108   memseta.o
         0          0          0          8          0          0   mvars.o
      2382        100          0          0          0        760   printfa.o
        12          6          0          0          0         68   putchar.o
        36          6          0          0          0         80   puts.o
       878         12          0          0          0        216   scanf_fp.o
         0          0          0          4          0          0   stdout.o
        20          0          0          0          0         68   strchr.o
        28          0          0          0          0         76   strcmp.o
        18          0          0          0          0         68   strcpy.o
        14          0          0          0          0         68   strlen.o
        30          0          0          0          0         80   strncmp.o
        36          0          0          0          0         80   strstr.o
       168         12          0          0          0        124   strtod.o
        12          0          0          0          0         68   tolower.o
        44          0          0          0          0         80   uidiv.o
        98          0          0          0          0         92   uldiv.o
        48          0          0          0          0         68   cdrcmple.o
        56          0          0          0          0         88   d2f.o
       334          0          0          0          0        148   dadd.o
        54          0          0          0          0         80   dcmpge.o
        54          0          0          0          0         80   dcmple.o
       222          0          0          0          0        100   ddiv.o
       186          0          0          0          0        176   depilogue.o
        62          0          0          0          0         80   dfixi.o
        48          0          0          0          0         68   dfixul.o
        24          0          0          0          0         76   dfltul.o
       228          0          0          0          0         96   dmul.o
       110          0          0          0          0        168   fepilogue.o

    ----------------------------------------------------------------------
      5982        190         64         12          0       4260   Library Totals
         8          0          0          0          0          0   (incl. Padding)

    ----------------------------------------------------------------------

      Code (inc. data)   RO Data    RW Data    ZI Data      Debug   Library Name

        30          0          0          0          0         80   m_ws.l
      4518        190         64         12          0       2952   mc_w.l
      1426          0          0          0          0       1228   mf_w.l

    ----------------------------------------------------------------------
      5982        190         64         12          0       4260   Library Totals

    ----------------------------------------------------------------------

==============================================================================


      Code (inc. data)   RO Data    RW Data    ZI Data      Debug   

     17950        982       7134         36       6620     166758   Grand Totals
     17950        982       7134         36       6620     166758   ELF Image Totals
     17950        982       7134         36          0          0   ROM Totals

==============================================================================

    Total RO  Size (Code + RO Data)                25084 (  24.50kB)
    Total RW  Size (RW Data + ZI Data)              6656 (   6.50kB)
    Total ROM Size (Code + RO Data + RW Data)      25120 (  24.53kB)

==============================================================================

